11:57:57 **** Build of configuration Debug for project Basisstation ****
"\"C:\\DAVEv4-64Bit\\DAVE-4.2.6\\eclipse\\ARM-GCC-49\\bin\\make\"" --output-sync -j4 all 
../Main.c: In function 'main':
'Building file: ../Main.c'
'Invoking: ARM-GCC C Compiler'
"C:\DAVEv4-64Bit\DAVE-4.2.6\eclipse\ARM-GCC-49/bin/arm-none-eabi-gcc" -MMD -MT "Main.o" -DXMC4500_F144x1024 -I"D:\Bachelorarbeit\Dave\Basisstation\Basisstation\Libraries\XMCLib\inc" -I"D:\Bachelorarbeit\Dave\Basisstation\Basisstation/Libraries/CMSIS/Include" -I"D:\Bachelorarbeit\Dave\Basisstation\Basisstation/Libraries/CMSIS/Infineon/XMC4500_series/Include" -I"D:\Bachelorarbeit\Dave\Basisstation\Basisstation" -I"D:\Bachelorarbeit\Dave\Basisstation\Basisstation\Libraries" -O0 -ffunction-sections -fdata-sections -Wall -std=gnu99 -mfloat-abi=softfp -Wa,-adhlns="Main.o.lst" -pipe -c -fmessage-length=0 -MMD -MP -MF"Main.d" -MT"Main.d Main.o" -mcpu=cortex-m4 -mfpu=fpv4-sp-d16 -mthumb -g -gdwarf-2 -o "Main.o" "../Main.c"
'Finished building: ../Main.c'

../Main.c:174:31: warning: pointer targets in passing argument 2 of 'tda5340_receive' differ in signedness [-Wpointer-sign]
    if (!tda5340_receive(TDA1, rx_data_TDA1, &lengthTDA1)) {
                               ^
In file included from ../Header_general.h:21:0,
                 from ../Main.c:7:
../Libraries/TDA5340-C/tda5340.h:26:9: note: expected 'int8_t *' but argument is of type 'char *'
 uint8_t tda5340_receive(uint8_t device_number, int8_t *data, uint8_t *length);
         ^
../Main.c:187:31: warning: pointer targets in passing argument 2 of 'tda5340_receive' differ in signedness [-Wpointer-sign]
    if (!tda5340_receive(TDA2, rx_data_TDA2, &lengthTDA2)) {
                               ^
In file included from ../Header_general.h:21:0,
                 from ../Main.c:7:
../Libraries/TDA5340-C/tda5340.h:26:9: note: expected 'int8_t *' but argument is of type 'char *'
 uint8_t tda5340_receive(uint8_t device_number, int8_t *data, uint8_t *length);
         ^
../Main.c:200:31: warning: pointer targets in passing argument 2 of 'tda5340_receive' differ in signedness [-Wpointer-sign]
    if (!tda5340_receive(TDA3, rx_data_TDA3, &lengthTDA3)) {
                               ^
In file included from ../Header_general.h:21:0,
                 from ../Main.c:7:
../Libraries/TDA5340-C/tda5340.h:26:9: note: expected 'int8_t *' but argument is of type 'char *'
 uint8_t tda5340_receive(uint8_t device_number, int8_t *data, uint8_t *length);
         ^
../Main.c:213:31: warning: pointer targets in passing argument 2 of 'tda5340_receive' differ in signedness [-Wpointer-sign]
    if (!tda5340_receive(TDA4, rx_data_TDA4, &lengthTDA4)) {
                               ^
In file included from ../Header_general.h:21:0,
                 from ../Main.c:7:
../Libraries/TDA5340-C/tda5340.h:26:9: note: expected 'int8_t *' but argument is of type 'char *'
 uint8_t tda5340_receive(uint8_t device_number, int8_t *data, uint8_t *length);
         ^
../Main.c:226:31: warning: pointer targets in passing argument 2 of 'tda5340_receive' differ in signedness [-Wpointer-sign]
    if (!tda5340_receive(TDA5, rx_data_TDA5, &lengthTDA5)) {
                               ^
In file included from ../Header_general.h:21:0,
                 from ../Main.c:7:
../Libraries/TDA5340-C/tda5340.h:26:9: note: expected 'int8_t *' but argument is of type 'char *'
 uint8_t tda5340_receive(uint8_t device_number, int8_t *data, uint8_t *length);
         ^
../Main.c:239:31: warning: pointer targets in passing argument 2 of 'tda5340_receive' differ in signedness [-Wpointer-sign]
    if (!tda5340_receive(TDA6, rx_data_TDA6, &lengthTDA6)) {
                               ^
In file included from ../Header_general.h:21:0,
                 from ../Main.c:7:
../Libraries/TDA5340-C/tda5340.h:26:9: note: expected 'int8_t *' but argument is of type 'char *'
 uint8_t tda5340_receive(uint8_t device_number, int8_t *data, uint8_t *length);
         ^
'Building target: Basisstation.elf'
'Invoking: ARM-GCC C Linker'
"C:\DAVEv4-64Bit\DAVE-4.2.6\eclipse\ARM-GCC-49/bin/arm-none-eabi-gcc" -T"../linker_script.ld" -nostartfiles -Xlinker --gc-sections -specs=nano.specs -specs=nosys.specs -Wl,-Map,Basisstation.map -mfloat-abi=softfp -mfpu=fpv4-sp-d16 -mcpu=cortex-m4 -mthumb -g -gdwarf-2 -o "Basisstation.elf" "@objects.rsp"  -lm
'Finished building target: Basisstation.elf'

'Invoking: ARM-GCC Create Flash Image'
"C:\DAVEv4-64Bit\DAVE-4.2.6\eclipse\ARM-GCC-49/bin/arm-none-eabi-objcopy" -O ihex "Basisstation.elf"  "Basisstation.hex"
'Finished building: Basisstation.hex'

'Invoking: ARM-GCC Print Size'
"C:\DAVEv4-64Bit\DAVE-4.2.6\eclipse\ARM-GCC-49/bin/arm-none-eabi-size"  --format=berkeley -t "Basisstation.elf"
   text	   data	    bss	    dec	    hex	filename
  32132	    152	   7300	  39584	   9aa0	Basisstation.elf
  32132	    152	   7300	  39584	   9aa0	(TOTALS)
'Finished building: Basisstation.siz'

'Invoking: ARM-GCC Create Listing'
"C:\DAVEv4-64Bit\DAVE-4.2.6\eclipse\ARM-GCC-49/bin/arm-none-eabi-objdump" -h -S "Basisstation.elf" > "Basisstation.lst"
'Finished building: Basisstation.lst'


11:58:01 Build Finished (took 4s.504ms)

