12:06:31 **** Incremental Build of configuration Debug for project hghg ****
"\"C:\\DAVEv4-64Bit\\DAVE-4.2.6\\eclipse\\ARM-GCC-49\\bin\\make\"" --output-sync -j4 all 
'Building file: ../main.c'
'Invoking: ARM-GCC C Compiler'
"C:\DAVEv4-64Bit\DAVE-4.2.6\eclipse\ARM-GCC-49/bin/arm-none-eabi-gcc" -MMD -MT "main.o" -DXMC4500_F100x1024 -I"D:\Bachelorarbeit\Dave\Basisstation\hghg\Libraries\XMCLib\inc" -I"D:\Bachelorarbeit\Dave\Basisstation\hghg/Libraries/CMSIS/Include" -I"D:\Bachelorarbeit\Dave\Basisstation\hghg/Libraries/CMSIS/Infineon/XMC4500_series/Include" -I"D:\Bachelorarbeit\Dave\Basisstation\hghg" -I"D:\Bachelorarbeit\Dave\Basisstation\hghg\Libraries" -I"D:\Bachelorarbeit\Dave\Basisstation\hghg\Dave\Generated" -O0 -ffunction-sections -fdata-sections -Wall -std=gnu99 -mfloat-abi=softfp -Wa,-adhlns="main.o.lst" -pipe -c -fmessage-length=0 -MMD -MP -MF"main.d" -MT"main.d main.o" -mcpu=cortex-m4 -mfpu=fpv4-sp-d16 -mthumb -g -gdwarf-2 -o "main.o" "../main.c"
'Finished building: ../main.c'

'Building target: hghg.elf'
'Invoking: ARM-GCC C Linker'
"C:\DAVEv4-64Bit\DAVE-4.2.6\eclipse\ARM-GCC-49/bin/arm-none-eabi-gcc" -T"../linker_script.ld" -nostartfiles -Xlinker --gc-sections -specs=nano.specs -specs=nosys.specs -Wl,-Map,hghg.map -mfloat-abi=softfp -mfpu=fpv4-sp-d16 -mcpu=cortex-m4 -mthumb -g -gdwarf-2 -o "hghg.elf" "@objects.rsp"  -lm
'Finished building target: hghg.elf'

'Invoking: ARM-GCC Create Flash Image'
"C:\DAVEv4-64Bit\DAVE-4.2.6\eclipse\ARM-GCC-49/bin/arm-none-eabi-objcopy" -O ihex "hghg.elf"  "hghg.hex"
'Finished building: hghg.hex'

'Invoking: ARM-GCC Print Size'
"C:\DAVEv4-64Bit\DAVE-4.2.6\eclipse\ARM-GCC-49/bin/arm-none-eabi-size"  --format=berkeley "hghg.elf"
   text	   data	    bss	    dec	    hex	filename
   1924	      0	   2068	   3992	    f98	hghg.elf
'Finished building: hghg.siz'

'Invoking: ARM-GCC Create Listing'
"C:\DAVEv4-64Bit\DAVE-4.2.6\eclipse\ARM-GCC-49/bin/arm-none-eabi-objdump" -h -S "hghg.elf" > "hghg.lst"
'Finished building: hghg.lst'


12:06:35 Build Finished (took 3s.997ms)

