14:27:18 **** Incremental Build of configuration Release for project TDA_XMC4500_PMA_testtrans ****
"\"C:\\DAVEv4-64Bit\\DAVE-4.2.6\\eclipse\\ARM-GCC-49\\bin\\make\"" --output-sync -j4 all 
'Building file: ../Startup/startup_XMC4500.S'
'Invoking: ARM-GCC Assembler'
"C:\DAVEv4-64Bit\DAVE-4.2.6\eclipse\ARM-GCC-49/bin/arm-none-eabi-gcc" -MMD -MT "Startup/startup_XMC4500.o" -x assembler-with-cpp -DXMC4500_F100x1024 -I"D:\Bachelorarbeit\Dave\Basisstation\TDA_XMC4500_PMA_testtrans\Libraries\XMCLib\inc" -I"D:\Bachelorarbeit\Dave\Basisstation\TDA_XMC4500_PMA_testtrans" -I"D:\Bachelorarbeit\Dave\Basisstation\TDA_XMC4500_PMA_testtrans\Dave\Generated" -Wall -Wa,-adhlns="Startup/startup_XMC4500.o.lst" -mfloat-abi=soft -c -fmessage-length=0 -MMD -MP -MF"Startup/startup_XMC4500.d" -MT"Startup/startup_XMC4500.d Startup/startup_XMC4500.o" -mcpu=cortex-m4 -mfpu=fpv4-sp-d16 -mthumb -o "Startup/startup_XMC4500.o" "../Startup/startup_XMC4500.S"
'Finished building: ../Startup/startup_XMC4500.S'

'Building file: ../Startup/system_XMC4500.c'
'Invoking: ARM-GCC C Compiler'
"C:\DAVEv4-64Bit\DAVE-4.2.6\eclipse\ARM-GCC-49/bin/arm-none-eabi-gcc" -MMD -MT "Startup/system_XMC4500.o" -DXMC4500_F100x1024 -I"D:\Bachelorarbeit\Dave\Basisstation\TDA_XMC4500_PMA_testtrans\Libraries\XMCLib\inc" -I"D:\Bachelorarbeit\Dave\Basisstation\TDA_XMC4500_PMA_testtrans/Libraries/CMSIS/Include" -I"D:\Bachelorarbeit\Dave\Basisstation\TDA_XMC4500_PMA_testtrans/Libraries/CMSIS/Infineon/XMC4500_series/Include" -I"D:\Bachelorarbeit\Dave\Basisstation\TDA_XMC4500_PMA_testtrans" -I"D:\Bachelorarbeit\Dave\Basisstation\TDA_XMC4500_PMA_testtrans\Dave\Generated" -I"D:\Bachelorarbeit\Dave\Basisstation\TDA_XMC4500_PMA_testtrans\Libraries" -Os -ffunction-sections -fdata-sections -Wall -std=gnu99 -mfloat-abi=soft -Wa,-adhlns="Startup/system_XMC4500.o.lst" -pipe -c -fmessage-length=0 -MMD -MP -MF"Startup/system_XMC4500.d" -MT"Startup/system_XMC4500.d Startup/system_XMC4500.o" -mcpu=cortex-m4 -mfpu=fpv4-sp-d16 -mthumb -o "Startup/system_XMC4500.o" "../Startup/system_XMC4500.c"
'Finished building: ../Startup/system_XMC4500.c'

'Building file: ../Libraries/XMCLib/src/xmc4_eru.c'
'Invoking: ARM-GCC C Compiler'
"C:\DAVEv4-64Bit\DAVE-4.2.6\eclipse\ARM-GCC-49/bin/arm-none-eabi-gcc" -MMD -MT "Libraries/XMCLib/src/xmc4_eru.o" -DXMC4500_F100x1024 -I"D:\Bachelorarbeit\Dave\Basisstation\TDA_XMC4500_PMA_testtrans\Libraries\XMCLib\inc" -I"D:\Bachelorarbeit\Dave\Basisstation\TDA_XMC4500_PMA_testtrans/Libraries/CMSIS/Include" -I"D:\Bachelorarbeit\Dave\Basisstation\TDA_XMC4500_PMA_testtrans/Libraries/CMSIS/Infineon/XMC4500_series/Include" -I"D:\Bachelorarbeit\Dave\Basisstation\TDA_XMC4500_PMA_testtrans" -I"D:\Bachelorarbeit\Dave\Basisstation\TDA_XMC4500_PMA_testtrans\Dave\Generated" -I"D:\Bachelorarbeit\Dave\Basisstation\TDA_XMC4500_PMA_testtrans\Libraries" -Os -ffunction-sections -fdata-sections -Wall -std=gnu99 -mfloat-abi=soft -Wa,-adhlns="Libraries/XMCLib/src/xmc4_eru.o.lst" -pipe -c -fmessage-length=0 -MMD -MP -MF"Libraries/XMCLib/src/xmc4_eru.d" -MT"Libraries/XMCLib/src/xmc4_eru.d Libraries/XMCLib/src/xmc4_eru.o" -mcpu=cortex-m4 -mfpu=fpv4-sp-d16 -mthumb -o "Libraries/XMCLib/src/xmc4_eru.o" "../Libraries/XMCLib/src/xmc4_eru.c"
'Finished building: ../Libraries/XMCLib/src/xmc4_eru.c'

'Building file: ../Libraries/XMCLib/src/xmc4_flash.c'
'Invoking: ARM-GCC C Compiler'
"C:\DAVEv4-64Bit\DAVE-4.2.6\eclipse\ARM-GCC-49/bin/arm-none-eabi-gcc" -MMD -MT "Libraries/XMCLib/src/xmc4_flash.o" -DXMC4500_F100x1024 -I"D:\Bachelorarbeit\Dave\Basisstation\TDA_XMC4500_PMA_testtrans\Libraries\XMCLib\inc" -I"D:\Bachelorarbeit\Dave\Basisstation\TDA_XMC4500_PMA_testtrans/Libraries/CMSIS/Include" -I"D:\Bachelorarbeit\Dave\Basisstation\TDA_XMC4500_PMA_testtrans/Libraries/CMSIS/Infineon/XMC4500_series/Include" -I"D:\Bachelorarbeit\Dave\Basisstation\TDA_XMC4500_PMA_testtrans" -I"D:\Bachelorarbeit\Dave\Basisstation\TDA_XMC4500_PMA_testtrans\Dave\Generated" -I"D:\Bachelorarbeit\Dave\Basisstation\TDA_XMC4500_PMA_testtrans\Libraries" -Os -ffunction-sections -fdata-sections -Wall -std=gnu99 -mfloat-abi=soft -Wa,-adhlns="Libraries/XMCLib/src/xmc4_flash.o.lst" -pipe -c -fmessage-length=0 -MMD -MP -MF"Libraries/XMCLib/src/xmc4_flash.d" -MT"Libraries/XMCLib/src/xmc4_flash.d Libraries/XMCLib/src/xmc4_flash.o" -mcpu=cortex-m4 -mfpu=fpv4-sp-d16 -mthumb -o "Libraries/XMCLib/src/xmc4_flash.o" "../Libraries/XMCLib/src/xmc4_flash.c"
'Finished building: ../Libraries/XMCLib/src/xmc4_flash.c'

'Building file: ../Libraries/XMCLib/src/xmc4_gpio.c'
'Invoking: ARM-GCC C Compiler'
"C:\DAVEv4-64Bit\DAVE-4.2.6\eclipse\ARM-GCC-49/bin/arm-none-eabi-gcc" -MMD -MT "Libraries/XMCLib/src/xmc4_gpio.o" -DXMC4500_F100x1024 -I"D:\Bachelorarbeit\Dave\Basisstation\TDA_XMC4500_PMA_testtrans\Libraries\XMCLib\inc" -I"D:\Bachelorarbeit\Dave\Basisstation\TDA_XMC4500_PMA_testtrans/Libraries/CMSIS/Include" -I"D:\Bachelorarbeit\Dave\Basisstation\TDA_XMC4500_PMA_testtrans/Libraries/CMSIS/Infineon/XMC4500_series/Include" -I"D:\Bachelorarbeit\Dave\Basisstation\TDA_XMC4500_PMA_testtrans" -I"D:\Bachelorarbeit\Dave\Basisstation\TDA_XMC4500_PMA_testtrans\Dave\Generated" -I"D:\Bachelorarbeit\Dave\Basisstation\TDA_XMC4500_PMA_testtrans\Libraries" -Os -ffunction-sections -fdata-sections -Wall -std=gnu99 -mfloat-abi=soft -Wa,-adhlns="Libraries/XMCLib/src/xmc4_gpio.o.lst" -pipe -c -fmessage-length=0 -MMD -MP -MF"Libraries/XMCLib/src/xmc4_gpio.d" -MT"Libraries/XMCLib/src/xmc4_gpio.d Libraries/XMCLib/src/xmc4_gpio.o" -mcpu=cortex-m4 -mfpu=fpv4-sp-d16 -mthumb -o "Libraries/XMCLib/src/xmc4_gpio.o" "../Libraries/XMCLib/src/xmc4_gpio.c"
'Finished building: ../Libraries/XMCLib/src/xmc4_gpio.c'

'Building file: ../Libraries/XMCLib/src/xmc4_rtc.c'
'Invoking: ARM-GCC C Compiler'
"C:\DAVEv4-64Bit\DAVE-4.2.6\eclipse\ARM-GCC-49/bin/arm-none-eabi-gcc" -MMD -MT "Libraries/XMCLib/src/xmc4_rtc.o" -DXMC4500_F100x1024 -I"D:\Bachelorarbeit\Dave\Basisstation\TDA_XMC4500_PMA_testtrans\Libraries\XMCLib\inc" -I"D:\Bachelorarbeit\Dave\Basisstation\TDA_XMC4500_PMA_testtrans/Libraries/CMSIS/Include" -I"D:\Bachelorarbeit\Dave\Basisstation\TDA_XMC4500_PMA_testtrans/Libraries/CMSIS/Infineon/XMC4500_series/Include" -I"D:\Bachelorarbeit\Dave\Basisstation\TDA_XMC4500_PMA_testtrans" -I"D:\Bachelorarbeit\Dave\Basisstation\TDA_XMC4500_PMA_testtrans\Dave\Generated" -I"D:\Bachelorarbeit\Dave\Basisstation\TDA_XMC4500_PMA_testtrans\Libraries" -Os -ffunction-sections -fdata-sections -Wall -std=gnu99 -mfloat-abi=soft -Wa,-adhlns="Libraries/XMCLib/src/xmc4_rtc.o.lst" -pipe -c -fmessage-length=0 -MMD -MP -MF"Libraries/XMCLib/src/xmc4_rtc.d" -MT"Libraries/XMCLib/src/xmc4_rtc.d Libraries/XMCLib/src/xmc4_rtc.o" -mcpu=cortex-m4 -mfpu=fpv4-sp-d16 -mthumb -o "Libraries/XMCLib/src/xmc4_rtc.o" "../Libraries/XMCLib/src/xmc4_rtc.c"
'Finished building: ../Libraries/XMCLib/src/xmc4_rtc.c'

'Building file: ../Libraries/XMCLib/src/xmc4_usic.c'
'Invoking: ARM-GCC C Compiler'
"C:\DAVEv4-64Bit\DAVE-4.2.6\eclipse\ARM-GCC-49/bin/arm-none-eabi-gcc" -MMD -MT "Libraries/XMCLib/src/xmc4_usic.o" -DXMC4500_F100x1024 -I"D:\Bachelorarbeit\Dave\Basisstation\TDA_XMC4500_PMA_testtrans\Libraries\XMCLib\inc" -I"D:\Bachelorarbeit\Dave\Basisstation\TDA_XMC4500_PMA_testtrans/Libraries/CMSIS/Include" -I"D:\Bachelorarbeit\Dave\Basisstation\TDA_XMC4500_PMA_testtrans/Libraries/CMSIS/Infineon/XMC4500_series/Include" -I"D:\Bachelorarbeit\Dave\Basisstation\TDA_XMC4500_PMA_testtrans" -I"D:\Bachelorarbeit\Dave\Basisstation\TDA_XMC4500_PMA_testtrans\Dave\Generated" -I"D:\Bachelorarbeit\Dave\Basisstation\TDA_XMC4500_PMA_testtrans\Libraries" -Os -ffunction-sections -fdata-sections -Wall -std=gnu99 -mfloat-abi=soft -Wa,-adhlns="Libraries/XMCLib/src/xmc4_usic.o.lst" -pipe -c -fmessage-length=0 -MMD -MP -MF"Libraries/XMCLib/src/xmc4_usic.d" -MT"Libraries/XMCLib/src/xmc4_usic.d Libraries/XMCLib/src/xmc4_usic.o" -mcpu=cortex-m4 -mfpu=fpv4-sp-d16 -mthumb -o "Libraries/XMCLib/src/xmc4_usic.o" "../Libraries/XMCLib/src/xmc4_usic.c"
'Finished building: ../Libraries/XMCLib/src/xmc4_usic.c'

'Building file: ../Libraries/XMCLib/src/xmc_can.c'
'Invoking: ARM-GCC C Compiler'
"C:\DAVEv4-64Bit\DAVE-4.2.6\eclipse\ARM-GCC-49/bin/arm-none-eabi-gcc" -MMD -MT "Libraries/XMCLib/src/xmc_can.o" -DXMC4500_F100x1024 -I"D:\Bachelorarbeit\Dave\Basisstation\TDA_XMC4500_PMA_testtrans\Libraries\XMCLib\inc" -I"D:\Bachelorarbeit\Dave\Basisstation\TDA_XMC4500_PMA_testtrans/Libraries/CMSIS/Include" -I"D:\Bachelorarbeit\Dave\Basisstation\TDA_XMC4500_PMA_testtrans/Libraries/CMSIS/Infineon/XMC4500_series/Include" -I"D:\Bachelorarbeit\Dave\Basisstation\TDA_XMC4500_PMA_testtrans" -I"D:\Bachelorarbeit\Dave\Basisstation\TDA_XMC4500_PMA_testtrans\Dave\Generated" -I"D:\Bachelorarbeit\Dave\Basisstation\TDA_XMC4500_PMA_testtrans\Libraries" -Os -ffunction-sections -fdata-sections -Wall -std=gnu99 -mfloat-abi=soft -Wa,-adhlns="Libraries/XMCLib/src/xmc_can.o.lst" -pipe -c -fmessage-length=0 -MMD -MP -MF"Libraries/XMCLib/src/xmc_can.d" -MT"Libraries/XMCLib/src/xmc_can.d Libraries/XMCLib/src/xmc_can.o" -mcpu=cortex-m4 -mfpu=fpv4-sp-d16 -mthumb -o "Libraries/XMCLib/src/xmc_can.o" "../Libraries/XMCLib/src/xmc_can.c"
'Finished building: ../Libraries/XMCLib/src/xmc_can.c'

'Building file: ../Libraries/XMCLib/src/xmc4_scu.c'
'Invoking: ARM-GCC C Compiler'
"C:\DAVEv4-64Bit\DAVE-4.2.6\eclipse\ARM-GCC-49/bin/arm-none-eabi-gcc" -MMD -MT "Libraries/XMCLib/src/xmc4_scu.o" -DXMC4500_F100x1024 -I"D:\Bachelorarbeit\Dave\Basisstation\TDA_XMC4500_PMA_testtrans\Libraries\XMCLib\inc" -I"D:\Bachelorarbeit\Dave\Basisstation\TDA_XMC4500_PMA_testtrans/Libraries/CMSIS/Include" -I"D:\Bachelorarbeit\Dave\Basisstation\TDA_XMC4500_PMA_testtrans/Libraries/CMSIS/Infineon/XMC4500_series/Include" -I"D:\Bachelorarbeit\Dave\Basisstation\TDA_XMC4500_PMA_testtrans" -I"D:\Bachelorarbeit\Dave\Basisstation\TDA_XMC4500_PMA_testtrans\Dave\Generated" -I"D:\Bachelorarbeit\Dave\Basisstation\TDA_XMC4500_PMA_testtrans\Libraries" -Os -ffunction-sections -fdata-sections -Wall -std=gnu99 -mfloat-abi=soft -Wa,-adhlns="Libraries/XMCLib/src/xmc4_scu.o.lst" -pipe -c -fmessage-length=0 -MMD -MP -MF"Libraries/XMCLib/src/xmc4_scu.d" -MT"Libraries/XMCLib/src/xmc4_scu.d Libraries/XMCLib/src/xmc4_scu.o" -mcpu=cortex-m4 -mfpu=fpv4-sp-d16 -mthumb -o "Libraries/XMCLib/src/xmc4_scu.o" "../Libraries/XMCLib/src/xmc4_scu.c"
'Finished building: ../Libraries/XMCLib/src/xmc4_scu.c'

'Building file: ../Libraries/XMCLib/src/xmc_ccu4.c'
'Invoking: ARM-GCC C Compiler'
"C:\DAVEv4-64Bit\DAVE-4.2.6\eclipse\ARM-GCC-49/bin/arm-none-eabi-gcc" -MMD -MT "Libraries/XMCLib/src/xmc_ccu4.o" -DXMC4500_F100x1024 -I"D:\Bachelorarbeit\Dave\Basisstation\TDA_XMC4500_PMA_testtrans\Libraries\XMCLib\inc" -I"D:\Bachelorarbeit\Dave\Basisstation\TDA_XMC4500_PMA_testtrans/Libraries/CMSIS/Include" -I"D:\Bachelorarbeit\Dave\Basisstation\TDA_XMC4500_PMA_testtrans/Libraries/CMSIS/Infineon/XMC4500_series/Include" -I"D:\Bachelorarbeit\Dave\Basisstation\TDA_XMC4500_PMA_testtrans" -I"D:\Bachelorarbeit\Dave\Basisstation\TDA_XMC4500_PMA_testtrans\Dave\Generated" -I"D:\Bachelorarbeit\Dave\Basisstation\TDA_XMC4500_PMA_testtrans\Libraries" -Os -ffunction-sections -fdata-sections -Wall -std=gnu99 -mfloat-abi=soft -Wa,-adhlns="Libraries/XMCLib/src/xmc_ccu4.o.lst" -pipe -c -fmessage-length=0 -MMD -MP -MF"Libraries/XMCLib/src/xmc_ccu4.d" -MT"Libraries/XMCLib/src/xmc_ccu4.d Libraries/XMCLib/src/xmc_ccu4.o" -mcpu=cortex-m4 -mfpu=fpv4-sp-d16 -mthumb -o "Libraries/XMCLib/src/xmc_ccu4.o" "../Libraries/XMCLib/src/xmc_ccu4.c"
'Finished building: ../Libraries/XMCLib/src/xmc_ccu4.c'

'Building file: ../Libraries/XMCLib/src/xmc_common.c'
'Invoking: ARM-GCC C Compiler'
"C:\DAVEv4-64Bit\DAVE-4.2.6\eclipse\ARM-GCC-49/bin/arm-none-eabi-gcc" -MMD -MT "Libraries/XMCLib/src/xmc_common.o" -DXMC4500_F100x1024 -I"D:\Bachelorarbeit\Dave\Basisstation\TDA_XMC4500_PMA_testtrans\Libraries\XMCLib\inc" -I"D:\Bachelorarbeit\Dave\Basisstation\TDA_XMC4500_PMA_testtrans/Libraries/CMSIS/Include" -I"D:\Bachelorarbeit\Dave\Basisstation\TDA_XMC4500_PMA_testtrans/Libraries/CMSIS/Infineon/XMC4500_series/Include" -I"D:\Bachelorarbeit\Dave\Basisstation\TDA_XMC4500_PMA_testtrans" -I"D:\Bachelorarbeit\Dave\Basisstation\TDA_XMC4500_PMA_testtrans\Dave\Generated" -I"D:\Bachelorarbeit\Dave\Basisstation\TDA_XMC4500_PMA_testtrans\Libraries" -Os -ffunction-sections -fdata-sections -Wall -std=gnu99 -mfloat-abi=soft -Wa,-adhlns="Libraries/XMCLib/src/xmc_common.o.lst" -pipe -c -fmessage-length=0 -MMD -MP -MF"Libraries/XMCLib/src/xmc_common.d" -MT"Libraries/XMCLib/src/xmc_common.d Libraries/XMCLib/src/xmc_common.o" -mcpu=cortex-m4 -mfpu=fpv4-sp-d16 -mthumb -o "Libraries/XMCLib/src/xmc_common.o" "../Libraries/XMCLib/src/xmc_common.c"
'Finished building: ../Libraries/XMCLib/src/xmc_common.c'

'Building file: ../Libraries/XMCLib/src/xmc_ccu8.c'
'Invoking: ARM-GCC C Compiler'
"C:\DAVEv4-64Bit\DAVE-4.2.6\eclipse\ARM-GCC-49/bin/arm-none-eabi-gcc" -MMD -MT "Libraries/XMCLib/src/xmc_ccu8.o" -DXMC4500_F100x1024 -I"D:\Bachelorarbeit\Dave\Basisstation\TDA_XMC4500_PMA_testtrans\Libraries\XMCLib\inc" -I"D:\Bachelorarbeit\Dave\Basisstation\TDA_XMC4500_PMA_testtrans/Libraries/CMSIS/Include" -I"D:\Bachelorarbeit\Dave\Basisstation\TDA_XMC4500_PMA_testtrans/Libraries/CMSIS/Infineon/XMC4500_series/Include" -I"D:\Bachelorarbeit\Dave\Basisstation\TDA_XMC4500_PMA_testtrans" -I"D:\Bachelorarbeit\Dave\Basisstation\TDA_XMC4500_PMA_testtrans\Dave\Generated" -I"D:\Bachelorarbeit\Dave\Basisstation\TDA_XMC4500_PMA_testtrans\Libraries" -Os -ffunction-sections -fdata-sections -Wall -std=gnu99 -mfloat-abi=soft -Wa,-adhlns="Libraries/XMCLib/src/xmc_ccu8.o.lst" -pipe -c -fmessage-length=0 -MMD -MP -MF"Libraries/XMCLib/src/xmc_ccu8.d" -MT"Libraries/XMCLib/src/xmc_ccu8.d Libraries/XMCLib/src/xmc_ccu8.o" -mcpu=cortex-m4 -mfpu=fpv4-sp-d16 -mthumb -o "Libraries/XMCLib/src/xmc_ccu8.o" "../Libraries/XMCLib/src/xmc_ccu8.c"
'Finished building: ../Libraries/XMCLib/src/xmc_ccu8.c'

'Building file: ../Libraries/XMCLib/src/xmc_dac.c'
'Invoking: ARM-GCC C Compiler'
"C:\DAVEv4-64Bit\DAVE-4.2.6\eclipse\ARM-GCC-49/bin/arm-none-eabi-gcc" -MMD -MT "Libraries/XMCLib/src/xmc_dac.o" -DXMC4500_F100x1024 -I"D:\Bachelorarbeit\Dave\Basisstation\TDA_XMC4500_PMA_testtrans\Libraries\XMCLib\inc" -I"D:\Bachelorarbeit\Dave\Basisstation\TDA_XMC4500_PMA_testtrans/Libraries/CMSIS/Include" -I"D:\Bachelorarbeit\Dave\Basisstation\TDA_XMC4500_PMA_testtrans/Libraries/CMSIS/Infineon/XMC4500_series/Include" -I"D:\Bachelorarbeit\Dave\Basisstation\TDA_XMC4500_PMA_testtrans" -I"D:\Bachelorarbeit\Dave\Basisstation\TDA_XMC4500_PMA_testtrans\Dave\Generated" -I"D:\Bachelorarbeit\Dave\Basisstation\TDA_XMC4500_PMA_testtrans\Libraries" -Os -ffunction-sections -fdata-sections -Wall -std=gnu99 -mfloat-abi=soft -Wa,-adhlns="Libraries/XMCLib/src/xmc_dac.o.lst" -pipe -c -fmessage-length=0 -MMD -MP -MF"Libraries/XMCLib/src/xmc_dac.d" -MT"Libraries/XMCLib/src/xmc_dac.d Libraries/XMCLib/src/xmc_dac.o" -mcpu=cortex-m4 -mfpu=fpv4-sp-d16 -mthumb -o "Libraries/XMCLib/src/xmc_dac.o" "../Libraries/XMCLib/src/xmc_dac.c"
'Finished building: ../Libraries/XMCLib/src/xmc_dac.c'

'Building file: ../Libraries/XMCLib/src/xmc_dsd.c'
'Invoking: ARM-GCC C Compiler'
"C:\DAVEv4-64Bit\DAVE-4.2.6\eclipse\ARM-GCC-49/bin/arm-none-eabi-gcc" -MMD -MT "Libraries/XMCLib/src/xmc_dsd.o" -DXMC4500_F100x1024 -I"D:\Bachelorarbeit\Dave\Basisstation\TDA_XMC4500_PMA_testtrans\Libraries\XMCLib\inc" -I"D:\Bachelorarbeit\Dave\Basisstation\TDA_XMC4500_PMA_testtrans/Libraries/CMSIS/Include" -I"D:\Bachelorarbeit\Dave\Basisstation\TDA_XMC4500_PMA_testtrans/Libraries/CMSIS/Infineon/XMC4500_series/Include" -I"D:\Bachelorarbeit\Dave\Basisstation\TDA_XMC4500_PMA_testtrans" -I"D:\Bachelorarbeit\Dave\Basisstation\TDA_XMC4500_PMA_testtrans\Dave\Generated" -I"D:\Bachelorarbeit\Dave\Basisstation\TDA_XMC4500_PMA_testtrans\Libraries" -Os -ffunction-sections -fdata-sections -Wall -std=gnu99 -mfloat-abi=soft -Wa,-adhlns="Libraries/XMCLib/src/xmc_dsd.o.lst" -pipe -c -fmessage-length=0 -MMD -MP -MF"Libraries/XMCLib/src/xmc_dsd.d" -MT"Libraries/XMCLib/src/xmc_dsd.d Libraries/XMCLib/src/xmc_dsd.o" -mcpu=cortex-m4 -mfpu=fpv4-sp-d16 -mthumb -o "Libraries/XMCLib/src/xmc_dsd.o" "../Libraries/XMCLib/src/xmc_dsd.c"
'Finished building: ../Libraries/XMCLib/src/xmc_dsd.c'

'Building file: ../Libraries/XMCLib/src/xmc_ebu.c'
'Invoking: ARM-GCC C Compiler'
"C:\DAVEv4-64Bit\DAVE-4.2.6\eclipse\ARM-GCC-49/bin/arm-none-eabi-gcc" -MMD -MT "Libraries/XMCLib/src/xmc_ebu.o" -DXMC4500_F100x1024 -I"D:\Bachelorarbeit\Dave\Basisstation\TDA_XMC4500_PMA_testtrans\Libraries\XMCLib\inc" -I"D:\Bachelorarbeit\Dave\Basisstation\TDA_XMC4500_PMA_testtrans/Libraries/CMSIS/Include" -I"D:\Bachelorarbeit\Dave\Basisstation\TDA_XMC4500_PMA_testtrans/Libraries/CMSIS/Infineon/XMC4500_series/Include" -I"D:\Bachelorarbeit\Dave\Basisstation\TDA_XMC4500_PMA_testtrans" -I"D:\Bachelorarbeit\Dave\Basisstation\TDA_XMC4500_PMA_testtrans\Dave\Generated" -I"D:\Bachelorarbeit\Dave\Basisstation\TDA_XMC4500_PMA_testtrans\Libraries" -Os -ffunction-sections -fdata-sections -Wall -std=gnu99 -mfloat-abi=soft -Wa,-adhlns="Libraries/XMCLib/src/xmc_ebu.o.lst" -pipe -c -fmessage-length=0 -MMD -MP -MF"Libraries/XMCLib/src/xmc_ebu.d" -MT"Libraries/XMCLib/src/xmc_ebu.d Libraries/XMCLib/src/xmc_ebu.o" -mcpu=cortex-m4 -mfpu=fpv4-sp-d16 -mthumb -o "Libraries/XMCLib/src/xmc_ebu.o" "../Libraries/XMCLib/src/xmc_ebu.c"
'Finished building: ../Libraries/XMCLib/src/xmc_ebu.c'

'Building file: ../Libraries/XMCLib/src/xmc_dma.c'
'Invoking: ARM-GCC C Compiler'
"C:\DAVEv4-64Bit\DAVE-4.2.6\eclipse\ARM-GCC-49/bin/arm-none-eabi-gcc" -MMD -MT "Libraries/XMCLib/src/xmc_dma.o" -DXMC4500_F100x1024 -I"D:\Bachelorarbeit\Dave\Basisstation\TDA_XMC4500_PMA_testtrans\Libraries\XMCLib\inc" -I"D:\Bachelorarbeit\Dave\Basisstation\TDA_XMC4500_PMA_testtrans/Libraries/CMSIS/Include" -I"D:\Bachelorarbeit\Dave\Basisstation\TDA_XMC4500_PMA_testtrans/Libraries/CMSIS/Infineon/XMC4500_series/Include" -I"D:\Bachelorarbeit\Dave\Basisstation\TDA_XMC4500_PMA_testtrans" -I"D:\Bachelorarbeit\Dave\Basisstation\TDA_XMC4500_PMA_testtrans\Dave\Generated" -I"D:\Bachelorarbeit\Dave\Basisstation\TDA_XMC4500_PMA_testtrans\Libraries" -Os -ffunction-sections -fdata-sections -Wall -std=gnu99 -mfloat-abi=soft -Wa,-adhlns="Libraries/XMCLib/src/xmc_dma.o.lst" -pipe -c -fmessage-length=0 -MMD -MP -MF"Libraries/XMCLib/src/xmc_dma.d" -MT"Libraries/XMCLib/src/xmc_dma.d Libraries/XMCLib/src/xmc_dma.o" -mcpu=cortex-m4 -mfpu=fpv4-sp-d16 -mthumb -o "Libraries/XMCLib/src/xmc_dma.o" "../Libraries/XMCLib/src/xmc_dma.c"
'Finished building: ../Libraries/XMCLib/src/xmc_dma.c'

'Building file: ../Libraries/XMCLib/src/xmc_eru.c'
'Invoking: ARM-GCC C Compiler'
"C:\DAVEv4-64Bit\DAVE-4.2.6\eclipse\ARM-GCC-49/bin/arm-none-eabi-gcc" -MMD -MT "Libraries/XMCLib/src/xmc_eru.o" -DXMC4500_F100x1024 -I"D:\Bachelorarbeit\Dave\Basisstation\TDA_XMC4500_PMA_testtrans\Libraries\XMCLib\inc" -I"D:\Bachelorarbeit\Dave\Basisstation\TDA_XMC4500_PMA_testtrans/Libraries/CMSIS/Include" -I"D:\Bachelorarbeit\Dave\Basisstation\TDA_XMC4500_PMA_testtrans/Libraries/CMSIS/Infineon/XMC4500_series/Include" -I"D:\Bachelorarbeit\Dave\Basisstation\TDA_XMC4500_PMA_testtrans" -I"D:\Bachelorarbeit\Dave\Basisstation\TDA_XMC4500_PMA_testtrans\Dave\Generated" -I"D:\Bachelorarbeit\Dave\Basisstation\TDA_XMC4500_PMA_testtrans\Libraries" -Os -ffunction-sections -fdata-sections -Wall -std=gnu99 -mfloat-abi=soft -Wa,-adhlns="Libraries/XMCLib/src/xmc_eru.o.lst" -pipe -c -fmessage-length=0 -MMD -MP -MF"Libraries/XMCLib/src/xmc_eru.d" -MT"Libraries/XMCLib/src/xmc_eru.d Libraries/XMCLib/src/xmc_eru.o" -mcpu=cortex-m4 -mfpu=fpv4-sp-d16 -mthumb -o "Libraries/XMCLib/src/xmc_eru.o" "../Libraries/XMCLib/src/xmc_eru.c"
'Finished building: ../Libraries/XMCLib/src/xmc_eru.c'

'Building file: ../Libraries/XMCLib/src/xmc_fce.c'
'Invoking: ARM-GCC C Compiler'
"C:\DAVEv4-64Bit\DAVE-4.2.6\eclipse\ARM-GCC-49/bin/arm-none-eabi-gcc" -MMD -MT "Libraries/XMCLib/src/xmc_fce.o" -DXMC4500_F100x1024 -I"D:\Bachelorarbeit\Dave\Basisstation\TDA_XMC4500_PMA_testtrans\Libraries\XMCLib\inc" -I"D:\Bachelorarbeit\Dave\Basisstation\TDA_XMC4500_PMA_testtrans/Libraries/CMSIS/Include" -I"D:\Bachelorarbeit\Dave\Basisstation\TDA_XMC4500_PMA_testtrans/Libraries/CMSIS/Infineon/XMC4500_series/Include" -I"D:\Bachelorarbeit\Dave\Basisstation\TDA_XMC4500_PMA_testtrans" -I"D:\Bachelorarbeit\Dave\Basisstation\TDA_XMC4500_PMA_testtrans\Dave\Generated" -I"D:\Bachelorarbeit\Dave\Basisstation\TDA_XMC4500_PMA_testtrans\Libraries" -Os -ffunction-sections -fdata-sections -Wall -std=gnu99 -mfloat-abi=soft -Wa,-adhlns="Libraries/XMCLib/src/xmc_fce.o.lst" -pipe -c -fmessage-length=0 -MMD -MP -MF"Libraries/XMCLib/src/xmc_fce.d" -MT"Libraries/XMCLib/src/xmc_fce.d Libraries/XMCLib/src/xmc_fce.o" -mcpu=cortex-m4 -mfpu=fpv4-sp-d16 -mthumb -o "Libraries/XMCLib/src/xmc_fce.o" "../Libraries/XMCLib/src/xmc_fce.c"
'Finished building: ../Libraries/XMCLib/src/xmc_fce.c'

'Building file: ../Libraries/XMCLib/src/xmc_gpio.c'
'Invoking: ARM-GCC C Compiler'
"C:\DAVEv4-64Bit\DAVE-4.2.6\eclipse\ARM-GCC-49/bin/arm-none-eabi-gcc" -MMD -MT "Libraries/XMCLib/src/xmc_gpio.o" -DXMC4500_F100x1024 -I"D:\Bachelorarbeit\Dave\Basisstation\TDA_XMC4500_PMA_testtrans\Libraries\XMCLib\inc" -I"D:\Bachelorarbeit\Dave\Basisstation\TDA_XMC4500_PMA_testtrans/Libraries/CMSIS/Include" -I"D:\Bachelorarbeit\Dave\Basisstation\TDA_XMC4500_PMA_testtrans/Libraries/CMSIS/Infineon/XMC4500_series/Include" -I"D:\Bachelorarbeit\Dave\Basisstation\TDA_XMC4500_PMA_testtrans" -I"D:\Bachelorarbeit\Dave\Basisstation\TDA_XMC4500_PMA_testtrans\Dave\Generated" -I"D:\Bachelorarbeit\Dave\Basisstation\TDA_XMC4500_PMA_testtrans\Libraries" -Os -ffunction-sections -fdata-sections -Wall -std=gnu99 -mfloat-abi=soft -Wa,-adhlns="Libraries/XMCLib/src/xmc_gpio.o.lst" -pipe -c -fmessage-length=0 -MMD -MP -MF"Libraries/XMCLib/src/xmc_gpio.d" -MT"Libraries/XMCLib/src/xmc_gpio.d Libraries/XMCLib/src/xmc_gpio.o" -mcpu=cortex-m4 -mfpu=fpv4-sp-d16 -mthumb -o "Libraries/XMCLib/src/xmc_gpio.o" "../Libraries/XMCLib/src/xmc_gpio.c"
'Finished building: ../Libraries/XMCLib/src/xmc_gpio.c'

'Building file: ../Libraries/XMCLib/src/xmc_eth_mac.c'
'Invoking: ARM-GCC C Compiler'
"C:\DAVEv4-64Bit\DAVE-4.2.6\eclipse\ARM-GCC-49/bin/arm-none-eabi-gcc" -MMD -MT "Libraries/XMCLib/src/xmc_eth_mac.o" -DXMC4500_F100x1024 -I"D:\Bachelorarbeit\Dave\Basisstation\TDA_XMC4500_PMA_testtrans\Libraries\XMCLib\inc" -I"D:\Bachelorarbeit\Dave\Basisstation\TDA_XMC4500_PMA_testtrans/Libraries/CMSIS/Include" -I"D:\Bachelorarbeit\Dave\Basisstation\TDA_XMC4500_PMA_testtrans/Libraries/CMSIS/Infineon/XMC4500_series/Include" -I"D:\Bachelorarbeit\Dave\Basisstation\TDA_XMC4500_PMA_testtrans" -I"D:\Bachelorarbeit\Dave\Basisstation\TDA_XMC4500_PMA_testtrans\Dave\Generated" -I"D:\Bachelorarbeit\Dave\Basisstation\TDA_XMC4500_PMA_testtrans\Libraries" -Os -ffunction-sections -fdata-sections -Wall -std=gnu99 -mfloat-abi=soft -Wa,-adhlns="Libraries/XMCLib/src/xmc_eth_mac.o.lst" -pipe -c -fmessage-length=0 -MMD -MP -MF"Libraries/XMCLib/src/xmc_eth_mac.d" -MT"Libraries/XMCLib/src/xmc_eth_mac.d Libraries/XMCLib/src/xmc_eth_mac.o" -mcpu=cortex-m4 -mfpu=fpv4-sp-d16 -mthumb -o "Libraries/XMCLib/src/xmc_eth_mac.o" "../Libraries/XMCLib/src/xmc_eth_mac.c"
'Finished building: ../Libraries/XMCLib/src/xmc_eth_mac.c'

'Building file: ../Libraries/XMCLib/src/xmc_hrpwm.c'
'Invoking: ARM-GCC C Compiler'
"C:\DAVEv4-64Bit\DAVE-4.2.6\eclipse\ARM-GCC-49/bin/arm-none-eabi-gcc" -MMD -MT "Libraries/XMCLib/src/xmc_hrpwm.o" -DXMC4500_F100x1024 -I"D:\Bachelorarbeit\Dave\Basisstation\TDA_XMC4500_PMA_testtrans\Libraries\XMCLib\inc" -I"D:\Bachelorarbeit\Dave\Basisstation\TDA_XMC4500_PMA_testtrans/Libraries/CMSIS/Include" -I"D:\Bachelorarbeit\Dave\Basisstation\TDA_XMC4500_PMA_testtrans/Libraries/CMSIS/Infineon/XMC4500_series/Include" -I"D:\Bachelorarbeit\Dave\Basisstation\TDA_XMC4500_PMA_testtrans" -I"D:\Bachelorarbeit\Dave\Basisstation\TDA_XMC4500_PMA_testtrans\Dave\Generated" -I"D:\Bachelorarbeit\Dave\Basisstation\TDA_XMC4500_PMA_testtrans\Libraries" -Os -ffunction-sections -fdata-sections -Wall -std=gnu99 -mfloat-abi=soft -Wa,-adhlns="Libraries/XMCLib/src/xmc_hrpwm.o.lst" -pipe -c -fmessage-length=0 -MMD -MP -MF"Libraries/XMCLib/src/xmc_hrpwm.d" -MT"Libraries/XMCLib/src/xmc_hrpwm.d Libraries/XMCLib/src/xmc_hrpwm.o" -mcpu=cortex-m4 -mfpu=fpv4-sp-d16 -mthumb -o "Libraries/XMCLib/src/xmc_hrpwm.o" "../Libraries/XMCLib/src/xmc_hrpwm.c"
'Finished building: ../Libraries/XMCLib/src/xmc_hrpwm.c'

'Building file: ../Libraries/XMCLib/src/xmc_i2c.c'
'Invoking: ARM-GCC C Compiler'
"C:\DAVEv4-64Bit\DAVE-4.2.6\eclipse\ARM-GCC-49/bin/arm-none-eabi-gcc" -MMD -MT "Libraries/XMCLib/src/xmc_i2c.o" -DXMC4500_F100x1024 -I"D:\Bachelorarbeit\Dave\Basisstation\TDA_XMC4500_PMA_testtrans\Libraries\XMCLib\inc" -I"D:\Bachelorarbeit\Dave\Basisstation\TDA_XMC4500_PMA_testtrans/Libraries/CMSIS/Include" -I"D:\Bachelorarbeit\Dave\Basisstation\TDA_XMC4500_PMA_testtrans/Libraries/CMSIS/Infineon/XMC4500_series/Include" -I"D:\Bachelorarbeit\Dave\Basisstation\TDA_XMC4500_PMA_testtrans" -I"D:\Bachelorarbeit\Dave\Basisstation\TDA_XMC4500_PMA_testtrans\Dave\Generated" -I"D:\Bachelorarbeit\Dave\Basisstation\TDA_XMC4500_PMA_testtrans\Libraries" -Os -ffunction-sections -fdata-sections -Wall -std=gnu99 -mfloat-abi=soft -Wa,-adhlns="Libraries/XMCLib/src/xmc_i2c.o.lst" -pipe -c -fmessage-length=0 -MMD -MP -MF"Libraries/XMCLib/src/xmc_i2c.d" -MT"Libraries/XMCLib/src/xmc_i2c.d Libraries/XMCLib/src/xmc_i2c.o" -mcpu=cortex-m4 -mfpu=fpv4-sp-d16 -mthumb -o "Libraries/XMCLib/src/xmc_i2c.o" "../Libraries/XMCLib/src/xmc_i2c.c"
'Finished building: ../Libraries/XMCLib/src/xmc_i2c.c'

'Building file: ../Libraries/XMCLib/src/xmc_posif.c'
'Invoking: ARM-GCC C Compiler'
"C:\DAVEv4-64Bit\DAVE-4.2.6\eclipse\ARM-GCC-49/bin/arm-none-eabi-gcc" -MMD -MT "Libraries/XMCLib/src/xmc_posif.o" -DXMC4500_F100x1024 -I"D:\Bachelorarbeit\Dave\Basisstation\TDA_XMC4500_PMA_testtrans\Libraries\XMCLib\inc" -I"D:\Bachelorarbeit\Dave\Basisstation\TDA_XMC4500_PMA_testtrans/Libraries/CMSIS/Include" -I"D:\Bachelorarbeit\Dave\Basisstation\TDA_XMC4500_PMA_testtrans/Libraries/CMSIS/Infineon/XMC4500_series/Include" -I"D:\Bachelorarbeit\Dave\Basisstation\TDA_XMC4500_PMA_testtrans" -I"D:\Bachelorarbeit\Dave\Basisstation\TDA_XMC4500_PMA_testtrans\Dave\Generated" -I"D:\Bachelorarbeit\Dave\Basisstation\TDA_XMC4500_PMA_testtrans\Libraries" -Os -ffunction-sections -fdata-sections -Wall -std=gnu99 -mfloat-abi=soft -Wa,-adhlns="Libraries/XMCLib/src/xmc_posif.o.lst" -pipe -c -fmessage-length=0 -MMD -MP -MF"Libraries/XMCLib/src/xmc_posif.d" -MT"Libraries/XMCLib/src/xmc_posif.d Libraries/XMCLib/src/xmc_posif.o" -mcpu=cortex-m4 -mfpu=fpv4-sp-d16 -mthumb -o "Libraries/XMCLib/src/xmc_posif.o" "../Libraries/XMCLib/src/xmc_posif.c"
'Finished building: ../Libraries/XMCLib/src/xmc_posif.c'

'Building file: ../Libraries/XMCLib/src/xmc_ledts.c'
'Invoking: ARM-GCC C Compiler'
"C:\DAVEv4-64Bit\DAVE-4.2.6\eclipse\ARM-GCC-49/bin/arm-none-eabi-gcc" -MMD -MT "Libraries/XMCLib/src/xmc_ledts.o" -DXMC4500_F100x1024 -I"D:\Bachelorarbeit\Dave\Basisstation\TDA_XMC4500_PMA_testtrans\Libraries\XMCLib\inc" -I"D:\Bachelorarbeit\Dave\Basisstation\TDA_XMC4500_PMA_testtrans/Libraries/CMSIS/Include" -I"D:\Bachelorarbeit\Dave\Basisstation\TDA_XMC4500_PMA_testtrans/Libraries/CMSIS/Infineon/XMC4500_series/Include" -I"D:\Bachelorarbeit\Dave\Basisstation\TDA_XMC4500_PMA_testtrans" -I"D:\Bachelorarbeit\Dave\Basisstation\TDA_XMC4500_PMA_testtrans\Dave\Generated" -I"D:\Bachelorarbeit\Dave\Basisstation\TDA_XMC4500_PMA_testtrans\Libraries" -Os -ffunction-sections -fdata-sections -Wall -std=gnu99 -mfloat-abi=soft -Wa,-adhlns="Libraries/XMCLib/src/xmc_ledts.o.lst" -pipe -c -fmessage-length=0 -MMD -MP -MF"Libraries/XMCLib/src/xmc_ledts.d" -MT"Libraries/XMCLib/src/xmc_ledts.d Libraries/XMCLib/src/xmc_ledts.o" -mcpu=cortex-m4 -mfpu=fpv4-sp-d16 -mthumb -o "Libraries/XMCLib/src/xmc_ledts.o" "../Libraries/XMCLib/src/xmc_ledts.c"
'Finished building: ../Libraries/XMCLib/src/xmc_ledts.c'

'Building file: ../Libraries/XMCLib/src/xmc_rtc.c'
'Invoking: ARM-GCC C Compiler'
"C:\DAVEv4-64Bit\DAVE-4.2.6\eclipse\ARM-GCC-49/bin/arm-none-eabi-gcc" -MMD -MT "Libraries/XMCLib/src/xmc_rtc.o" -DXMC4500_F100x1024 -I"D:\Bachelorarbeit\Dave\Basisstation\TDA_XMC4500_PMA_testtrans\Libraries\XMCLib\inc" -I"D:\Bachelorarbeit\Dave\Basisstation\TDA_XMC4500_PMA_testtrans/Libraries/CMSIS/Include" -I"D:\Bachelorarbeit\Dave\Basisstation\TDA_XMC4500_PMA_testtrans/Libraries/CMSIS/Infineon/XMC4500_series/Include" -I"D:\Bachelorarbeit\Dave\Basisstation\TDA_XMC4500_PMA_testtrans" -I"D:\Bachelorarbeit\Dave\Basisstation\TDA_XMC4500_PMA_testtrans\Dave\Generated" -I"D:\Bachelorarbeit\Dave\Basisstation\TDA_XMC4500_PMA_testtrans\Libraries" -Os -ffunction-sections -fdata-sections -Wall -std=gnu99 -mfloat-abi=soft -Wa,-adhlns="Libraries/XMCLib/src/xmc_rtc.o.lst" -pipe -c -fmessage-length=0 -MMD -MP -MF"Libraries/XMCLib/src/xmc_rtc.d" -MT"Libraries/XMCLib/src/xmc_rtc.d Libraries/XMCLib/src/xmc_rtc.o" -mcpu=cortex-m4 -mfpu=fpv4-sp-d16 -mthumb -o "Libraries/XMCLib/src/xmc_rtc.o" "../Libraries/XMCLib/src/xmc_rtc.c"
'Finished building: ../Libraries/XMCLib/src/xmc_rtc.c'

'Building file: ../Libraries/XMCLib/src/xmc_sdmmc.c'
'Invoking: ARM-GCC C Compiler'
"C:\DAVEv4-64Bit\DAVE-4.2.6\eclipse\ARM-GCC-49/bin/arm-none-eabi-gcc" -MMD -MT "Libraries/XMCLib/src/xmc_sdmmc.o" -DXMC4500_F100x1024 -I"D:\Bachelorarbeit\Dave\Basisstation\TDA_XMC4500_PMA_testtrans\Libraries\XMCLib\inc" -I"D:\Bachelorarbeit\Dave\Basisstation\TDA_XMC4500_PMA_testtrans/Libraries/CMSIS/Include" -I"D:\Bachelorarbeit\Dave\Basisstation\TDA_XMC4500_PMA_testtrans/Libraries/CMSIS/Infineon/XMC4500_series/Include" -I"D:\Bachelorarbeit\Dave\Basisstation\TDA_XMC4500_PMA_testtrans" -I"D:\Bachelorarbeit\Dave\Basisstation\TDA_XMC4500_PMA_testtrans\Dave\Generated" -I"D:\Bachelorarbeit\Dave\Basisstation\TDA_XMC4500_PMA_testtrans\Libraries" -Os -ffunction-sections -fdata-sections -Wall -std=gnu99 -mfloat-abi=soft -Wa,-adhlns="Libraries/XMCLib/src/xmc_sdmmc.o.lst" -pipe -c -fmessage-length=0 -MMD -MP -MF"Libraries/XMCLib/src/xmc_sdmmc.d" -MT"Libraries/XMCLib/src/xmc_sdmmc.d Libraries/XMCLib/src/xmc_sdmmc.o" -mcpu=cortex-m4 -mfpu=fpv4-sp-d16 -mthumb -o "Libraries/XMCLib/src/xmc_sdmmc.o" "../Libraries/XMCLib/src/xmc_sdmmc.c"
'Finished building: ../Libraries/XMCLib/src/xmc_sdmmc.c'

'Building file: ../Libraries/XMCLib/src/xmc_uart.c'
'Invoking: ARM-GCC C Compiler'
"C:\DAVEv4-64Bit\DAVE-4.2.6\eclipse\ARM-GCC-49/bin/arm-none-eabi-gcc" -MMD -MT "Libraries/XMCLib/src/xmc_uart.o" -DXMC4500_F100x1024 -I"D:\Bachelorarbeit\Dave\Basisstation\TDA_XMC4500_PMA_testtrans\Libraries\XMCLib\inc" -I"D:\Bachelorarbeit\Dave\Basisstation\TDA_XMC4500_PMA_testtrans/Libraries/CMSIS/Include" -I"D:\Bachelorarbeit\Dave\Basisstation\TDA_XMC4500_PMA_testtrans/Libraries/CMSIS/Infineon/XMC4500_series/Include" -I"D:\Bachelorarbeit\Dave\Basisstation\TDA_XMC4500_PMA_testtrans" -I"D:\Bachelorarbeit\Dave\Basisstation\TDA_XMC4500_PMA_testtrans\Dave\Generated" -I"D:\Bachelorarbeit\Dave\Basisstation\TDA_XMC4500_PMA_testtrans\Libraries" -Os -ffunction-sections -fdata-sections -Wall -std=gnu99 -mfloat-abi=soft -Wa,-adhlns="Libraries/XMCLib/src/xmc_uart.o.lst" -pipe -c -fmessage-length=0 -MMD -MP -MF"Libraries/XMCLib/src/xmc_uart.d" -MT"Libraries/XMCLib/src/xmc_uart.d Libraries/XMCLib/src/xmc_uart.o" -mcpu=cortex-m4 -mfpu=fpv4-sp-d16 -mthumb -o "Libraries/XMCLib/src/xmc_uart.o" "../Libraries/XMCLib/src/xmc_uart.c"
'Finished building: ../Libraries/XMCLib/src/xmc_uart.c'

'Building file: ../Libraries/XMCLib/src/xmc_spi.c'
'Invoking: ARM-GCC C Compiler'
"C:\DAVEv4-64Bit\DAVE-4.2.6\eclipse\ARM-GCC-49/bin/arm-none-eabi-gcc" -MMD -MT "Libraries/XMCLib/src/xmc_spi.o" -DXMC4500_F100x1024 -I"D:\Bachelorarbeit\Dave\Basisstation\TDA_XMC4500_PMA_testtrans\Libraries\XMCLib\inc" -I"D:\Bachelorarbeit\Dave\Basisstation\TDA_XMC4500_PMA_testtrans/Libraries/CMSIS/Include" -I"D:\Bachelorarbeit\Dave\Basisstation\TDA_XMC4500_PMA_testtrans/Libraries/CMSIS/Infineon/XMC4500_series/Include" -I"D:\Bachelorarbeit\Dave\Basisstation\TDA_XMC4500_PMA_testtrans" -I"D:\Bachelorarbeit\Dave\Basisstation\TDA_XMC4500_PMA_testtrans\Dave\Generated" -I"D:\Bachelorarbeit\Dave\Basisstation\TDA_XMC4500_PMA_testtrans\Libraries" -Os -ffunction-sections -fdata-sections -Wall -std=gnu99 -mfloat-abi=soft -Wa,-adhlns="Libraries/XMCLib/src/xmc_spi.o.lst" -pipe -c -fmessage-length=0 -MMD -MP -MF"Libraries/XMCLib/src/xmc_spi.d" -MT"Libraries/XMCLib/src/xmc_spi.d Libraries/XMCLib/src/xmc_spi.o" -mcpu=cortex-m4 -mfpu=fpv4-sp-d16 -mthumb -o "Libraries/XMCLib/src/xmc_spi.o" "../Libraries/XMCLib/src/xmc_spi.c"
'Finished building: ../Libraries/XMCLib/src/xmc_spi.c'

'Building file: ../Libraries/XMCLib/src/xmc_usic.c'
'Invoking: ARM-GCC C Compiler'
"C:\DAVEv4-64Bit\DAVE-4.2.6\eclipse\ARM-GCC-49/bin/arm-none-eabi-gcc" -MMD -MT "Libraries/XMCLib/src/xmc_usic.o" -DXMC4500_F100x1024 -I"D:\Bachelorarbeit\Dave\Basisstation\TDA_XMC4500_PMA_testtrans\Libraries\XMCLib\inc" -I"D:\Bachelorarbeit\Dave\Basisstation\TDA_XMC4500_PMA_testtrans/Libraries/CMSIS/Include" -I"D:\Bachelorarbeit\Dave\Basisstation\TDA_XMC4500_PMA_testtrans/Libraries/CMSIS/Infineon/XMC4500_series/Include" -I"D:\Bachelorarbeit\Dave\Basisstation\TDA_XMC4500_PMA_testtrans" -I"D:\Bachelorarbeit\Dave\Basisstation\TDA_XMC4500_PMA_testtrans\Dave\Generated" -I"D:\Bachelorarbeit\Dave\Basisstation\TDA_XMC4500_PMA_testtrans\Libraries" -Os -ffunction-sections -fdata-sections -Wall -std=gnu99 -mfloat-abi=soft -Wa,-adhlns="Libraries/XMCLib/src/xmc_usic.o.lst" -pipe -c -fmessage-length=0 -MMD -MP -MF"Libraries/XMCLib/src/xmc_usic.d" -MT"Libraries/XMCLib/src/xmc_usic.d Libraries/XMCLib/src/xmc_usic.o" -mcpu=cortex-m4 -mfpu=fpv4-sp-d16 -mthumb -o "Libraries/XMCLib/src/xmc_usic.o" "../Libraries/XMCLib/src/xmc_usic.c"
'Finished building: ../Libraries/XMCLib/src/xmc_usic.c'

'Building file: ../Libraries/XMCLib/src/xmc_usbd.c'
'Invoking: ARM-GCC C Compiler'
"C:\DAVEv4-64Bit\DAVE-4.2.6\eclipse\ARM-GCC-49/bin/arm-none-eabi-gcc" -MMD -MT "Libraries/XMCLib/src/xmc_usbd.o" -DXMC4500_F100x1024 -I"D:\Bachelorarbeit\Dave\Basisstation\TDA_XMC4500_PMA_testtrans\Libraries\XMCLib\inc" -I"D:\Bachelorarbeit\Dave\Basisstation\TDA_XMC4500_PMA_testtrans/Libraries/CMSIS/Include" -I"D:\Bachelorarbeit\Dave\Basisstation\TDA_XMC4500_PMA_testtrans/Libraries/CMSIS/Infineon/XMC4500_series/Include" -I"D:\Bachelorarbeit\Dave\Basisstation\TDA_XMC4500_PMA_testtrans" -I"D:\Bachelorarbeit\Dave\Basisstation\TDA_XMC4500_PMA_testtrans\Dave\Generated" -I"D:\Bachelorarbeit\Dave\Basisstation\TDA_XMC4500_PMA_testtrans\Libraries" -Os -ffunction-sections -fdata-sections -Wall -std=gnu99 -mfloat-abi=soft -Wa,-adhlns="Libraries/XMCLib/src/xmc_usbd.o.lst" -pipe -c -fmessage-length=0 -MMD -MP -MF"Libraries/XMCLib/src/xmc_usbd.d" -MT"Libraries/XMCLib/src/xmc_usbd.d Libraries/XMCLib/src/xmc_usbd.o" -mcpu=cortex-m4 -mfpu=fpv4-sp-d16 -mthumb -o "Libraries/XMCLib/src/xmc_usbd.o" "../Libraries/XMCLib/src/xmc_usbd.c"
'Finished building: ../Libraries/XMCLib/src/xmc_usbd.c'

'Building file: ../Libraries/XMCLib/src/xmc_wdt.c'
'Invoking: ARM-GCC C Compiler'
"C:\DAVEv4-64Bit\DAVE-4.2.6\eclipse\ARM-GCC-49/bin/arm-none-eabi-gcc" -MMD -MT "Libraries/XMCLib/src/xmc_wdt.o" -DXMC4500_F100x1024 -I"D:\Bachelorarbeit\Dave\Basisstation\TDA_XMC4500_PMA_testtrans\Libraries\XMCLib\inc" -I"D:\Bachelorarbeit\Dave\Basisstation\TDA_XMC4500_PMA_testtrans/Libraries/CMSIS/Include" -I"D:\Bachelorarbeit\Dave\Basisstation\TDA_XMC4500_PMA_testtrans/Libraries/CMSIS/Infineon/XMC4500_series/Include" -I"D:\Bachelorarbeit\Dave\Basisstation\TDA_XMC4500_PMA_testtrans" -I"D:\Bachelorarbeit\Dave\Basisstation\TDA_XMC4500_PMA_testtrans\Dave\Generated" -I"D:\Bachelorarbeit\Dave\Basisstation\TDA_XMC4500_PMA_testtrans\Libraries" -Os -ffunction-sections -fdata-sections -Wall -std=gnu99 -mfloat-abi=soft -Wa,-adhlns="Libraries/XMCLib/src/xmc_wdt.o.lst" -pipe -c -fmessage-length=0 -MMD -MP -MF"Libraries/XMCLib/src/xmc_wdt.d" -MT"Libraries/XMCLib/src/xmc_wdt.d Libraries/XMCLib/src/xmc_wdt.o" -mcpu=cortex-m4 -mfpu=fpv4-sp-d16 -mthumb -o "Libraries/XMCLib/src/xmc_wdt.o" "../Libraries/XMCLib/src/xmc_wdt.c"
'Finished building: ../Libraries/XMCLib/src/xmc_wdt.c'

'Building file: ../Libraries/XMCLib/src/xmc_vadc.c'
'Invoking: ARM-GCC C Compiler'
"C:\DAVEv4-64Bit\DAVE-4.2.6\eclipse\ARM-GCC-49/bin/arm-none-eabi-gcc" -MMD -MT "Libraries/XMCLib/src/xmc_vadc.o" -DXMC4500_F100x1024 -I"D:\Bachelorarbeit\Dave\Basisstation\TDA_XMC4500_PMA_testtrans\Libraries\XMCLib\inc" -I"D:\Bachelorarbeit\Dave\Basisstation\TDA_XMC4500_PMA_testtrans/Libraries/CMSIS/Include" -I"D:\Bachelorarbeit\Dave\Basisstation\TDA_XMC4500_PMA_testtrans/Libraries/CMSIS/Infineon/XMC4500_series/Include" -I"D:\Bachelorarbeit\Dave\Basisstation\TDA_XMC4500_PMA_testtrans" -I"D:\Bachelorarbeit\Dave\Basisstation\TDA_XMC4500_PMA_testtrans\Dave\Generated" -I"D:\Bachelorarbeit\Dave\Basisstation\TDA_XMC4500_PMA_testtrans\Libraries" -Os -ffunction-sections -fdata-sections -Wall -std=gnu99 -mfloat-abi=soft -Wa,-adhlns="Libraries/XMCLib/src/xmc_vadc.o.lst" -pipe -c -fmessage-length=0 -MMD -MP -MF"Libraries/XMCLib/src/xmc_vadc.d" -MT"Libraries/XMCLib/src/xmc_vadc.d Libraries/XMCLib/src/xmc_vadc.o" -mcpu=cortex-m4 -mfpu=fpv4-sp-d16 -mthumb -o "Libraries/XMCLib/src/xmc_vadc.o" "../Libraries/XMCLib/src/xmc_vadc.c"
'Finished building: ../Libraries/XMCLib/src/xmc_vadc.c'

'Building file: ../Libraries/Newlib/syscalls.c'
'Invoking: ARM-GCC C Compiler'
"C:\DAVEv4-64Bit\DAVE-4.2.6\eclipse\ARM-GCC-49/bin/arm-none-eabi-gcc" -MMD -MT "Libraries/Newlib/syscalls.o" -DXMC4500_F100x1024 -I"D:\Bachelorarbeit\Dave\Basisstation\TDA_XMC4500_PMA_testtrans\Libraries\XMCLib\inc" -I"D:\Bachelorarbeit\Dave\Basisstation\TDA_XMC4500_PMA_testtrans/Libraries/CMSIS/Include" -I"D:\Bachelorarbeit\Dave\Basisstation\TDA_XMC4500_PMA_testtrans/Libraries/CMSIS/Infineon/XMC4500_series/Include" -I"D:\Bachelorarbeit\Dave\Basisstation\TDA_XMC4500_PMA_testtrans" -I"D:\Bachelorarbeit\Dave\Basisstation\TDA_XMC4500_PMA_testtrans\Dave\Generated" -I"D:\Bachelorarbeit\Dave\Basisstation\TDA_XMC4500_PMA_testtrans\Libraries" -Os -ffunction-sections -fdata-sections -Wall -std=gnu99 -mfloat-abi=soft -Wa,-adhlns="Libraries/Newlib/syscalls.o.lst" -pipe -c -fmessage-length=0 -MMD -MP -MF"Libraries/Newlib/syscalls.d" -MT"Libraries/Newlib/syscalls.d Libraries/Newlib/syscalls.o" -mcpu=cortex-m4 -mfpu=fpv4-sp-d16 -mthumb -o "Libraries/Newlib/syscalls.o" "../Libraries/Newlib/syscalls.c"
'Finished building: ../Libraries/Newlib/syscalls.c'

'Building file: ../Dave/Generated/USBD_VCOM/virtual_com/descriptors.c'
'Invoking: ARM-GCC C Compiler'
"C:\DAVEv4-64Bit\DAVE-4.2.6\eclipse\ARM-GCC-49/bin/arm-none-eabi-gcc" -MMD -MT "Dave/Generated/USBD_VCOM/virtual_com/descriptors.o" -DXMC4500_F100x1024 -I"D:\Bachelorarbeit\Dave\Basisstation\TDA_XMC4500_PMA_testtrans\Libraries\XMCLib\inc" -I"D:\Bachelorarbeit\Dave\Basisstation\TDA_XMC4500_PMA_testtrans/Libraries/CMSIS/Include" -I"D:\Bachelorarbeit\Dave\Basisstation\TDA_XMC4500_PMA_testtrans/Libraries/CMSIS/Infineon/XMC4500_series/Include" -I"D:\Bachelorarbeit\Dave\Basisstation\TDA_XMC4500_PMA_testtrans" -I"D:\Bachelorarbeit\Dave\Basisstation\TDA_XMC4500_PMA_testtrans\Dave\Generated" -I"D:\Bachelorarbeit\Dave\Basisstation\TDA_XMC4500_PMA_testtrans\Libraries" -Os -ffunction-sections -fdata-sections -Wall -std=gnu99 -mfloat-abi=soft -Wa,-adhlns="Dave/Generated/USBD_VCOM/virtual_com/descriptors.o.lst" -pipe -c -fmessage-length=0 -MMD -MP -MF"Dave/Generated/USBD_VCOM/virtual_com/descriptors.d" -MT"Dave/Generated/USBD_VCOM/virtual_com/descriptors.d Dave/Generated/USBD_VCOM/virtual_com/descriptors.o" -mcpu=cortex-m4 -mfpu=fpv4-sp-d16 -mthumb -o "Dave/Generated/USBD_VCOM/virtual_com/descriptors.o" "../Dave/Generated/USBD_VCOM/virtual_com/descriptors.c"
'Finished building: ../Dave/Generated/USBD_VCOM/virtual_com/descriptors.c'

'Building file: ../Dave/Generated/USBD_VCOM/usbd_vcom_conf.c'
'Invoking: ARM-GCC C Compiler'
"C:\DAVEv4-64Bit\DAVE-4.2.6\eclipse\ARM-GCC-49/bin/arm-none-eabi-gcc" -MMD -MT "Dave/Generated/USBD_VCOM/usbd_vcom_conf.o" -DXMC4500_F100x1024 -I"D:\Bachelorarbeit\Dave\Basisstation\TDA_XMC4500_PMA_testtrans\Libraries\XMCLib\inc" -I"D:\Bachelorarbeit\Dave\Basisstation\TDA_XMC4500_PMA_testtrans/Libraries/CMSIS/Include" -I"D:\Bachelorarbeit\Dave\Basisstation\TDA_XMC4500_PMA_testtrans/Libraries/CMSIS/Infineon/XMC4500_series/Include" -I"D:\Bachelorarbeit\Dave\Basisstation\TDA_XMC4500_PMA_testtrans" -I"D:\Bachelorarbeit\Dave\Basisstation\TDA_XMC4500_PMA_testtrans\Dave\Generated" -I"D:\Bachelorarbeit\Dave\Basisstation\TDA_XMC4500_PMA_testtrans\Libraries" -Os -ffunction-sections -fdata-sections -Wall -std=gnu99 -mfloat-abi=soft -Wa,-adhlns="Dave/Generated/USBD_VCOM/usbd_vcom_conf.o.lst" -pipe -c -fmessage-length=0 -MMD -MP -MF"Dave/Generated/USBD_VCOM/usbd_vcom_conf.d" -MT"Dave/Generated/USBD_VCOM/usbd_vcom_conf.d Dave/Generated/USBD_VCOM/usbd_vcom_conf.o" -mcpu=cortex-m4 -mfpu=fpv4-sp-d16 -mthumb -o "Dave/Generated/USBD_VCOM/usbd_vcom_conf.o" "../Dave/Generated/USBD_VCOM/usbd_vcom_conf.c"
'Finished building: ../Dave/Generated/USBD_VCOM/usbd_vcom_conf.c'

'Building file: ../Dave/Generated/USBD_VCOM/class_driver/device/cdc_class_device.c'
'Invoking: ARM-GCC C Compiler'
"C:\DAVEv4-64Bit\DAVE-4.2.6\eclipse\ARM-GCC-49/bin/arm-none-eabi-gcc" -MMD -MT "Dave/Generated/USBD_VCOM/class_driver/device/cdc_class_device.o" -DXMC4500_F100x1024 -I"D:\Bachelorarbeit\Dave\Basisstation\TDA_XMC4500_PMA_testtrans\Libraries\XMCLib\inc" -I"D:\Bachelorarbeit\Dave\Basisstation\TDA_XMC4500_PMA_testtrans/Libraries/CMSIS/Include" -I"D:\Bachelorarbeit\Dave\Basisstation\TDA_XMC4500_PMA_testtrans/Libraries/CMSIS/Infineon/XMC4500_series/Include" -I"D:\Bachelorarbeit\Dave\Basisstation\TDA_XMC4500_PMA_testtrans" -I"D:\Bachelorarbeit\Dave\Basisstation\TDA_XMC4500_PMA_testtrans\Dave\Generated" -I"D:\Bachelorarbeit\Dave\Basisstation\TDA_XMC4500_PMA_testtrans\Libraries" -Os -ffunction-sections -fdata-sections -Wall -std=gnu99 -mfloat-abi=soft -Wa,-adhlns="Dave/Generated/USBD_VCOM/class_driver/device/cdc_class_device.o.lst" -pipe -c -fmessage-length=0 -MMD -MP -MF"Dave/Generated/USBD_VCOM/class_driver/device/cdc_class_device.d" -MT"Dave/Generated/USBD_VCOM/class_driver/device/cdc_class_device.d Dave/Generated/USBD_VCOM/class_driver/device/cdc_class_device.o" -mcpu=cortex-m4 -mfpu=fpv4-sp-d16 -mthumb -o "Dave/Generated/USBD_VCOM/class_driver/device/cdc_class_device.o" "../Dave/Generated/USBD_VCOM/class_driver/device/cdc_class_device.c"
'Finished building: ../Dave/Generated/USBD_VCOM/class_driver/device/cdc_class_device.c'

'Building file: ../Dave/Generated/USBD_VCOM/usbd_vcom.c'
'Invoking: ARM-GCC C Compiler'
"C:\DAVEv4-64Bit\DAVE-4.2.6\eclipse\ARM-GCC-49/bin/arm-none-eabi-gcc" -MMD -MT "Dave/Generated/USBD_VCOM/usbd_vcom.o" -DXMC4500_F100x1024 -I"D:\Bachelorarbeit\Dave\Basisstation\TDA_XMC4500_PMA_testtrans\Libraries\XMCLib\inc" -I"D:\Bachelorarbeit\Dave\Basisstation\TDA_XMC4500_PMA_testtrans/Libraries/CMSIS/Include" -I"D:\Bachelorarbeit\Dave\Basisstation\TDA_XMC4500_PMA_testtrans/Libraries/CMSIS/Infineon/XMC4500_series/Include" -I"D:\Bachelorarbeit\Dave\Basisstation\TDA_XMC4500_PMA_testtrans" -I"D:\Bachelorarbeit\Dave\Basisstation\TDA_XMC4500_PMA_testtrans\Dave\Generated" -I"D:\Bachelorarbeit\Dave\Basisstation\TDA_XMC4500_PMA_testtrans\Libraries" -Os -ffunction-sections -fdata-sections -Wall -std=gnu99 -mfloat-abi=soft -Wa,-adhlns="Dave/Generated/USBD_VCOM/usbd_vcom.o.lst" -pipe -c -fmessage-length=0 -MMD -MP -MF"Dave/Generated/USBD_VCOM/usbd_vcom.d" -MT"Dave/Generated/USBD_VCOM/usbd_vcom.d Dave/Generated/USBD_VCOM/usbd_vcom.o" -mcpu=cortex-m4 -mfpu=fpv4-sp-d16 -mthumb -o "Dave/Generated/USBD_VCOM/usbd_vcom.o" "../Dave/Generated/USBD_VCOM/usbd_vcom.c"
'Finished building: ../Dave/Generated/USBD_VCOM/usbd_vcom.c'

'Building file: ../Dave/Generated/USBD/usb/core/usb_task.c'
'Invoking: ARM-GCC C Compiler'
"C:\DAVEv4-64Bit\DAVE-4.2.6\eclipse\ARM-GCC-49/bin/arm-none-eabi-gcc" -MMD -MT "Dave/Generated/USBD/usb/core/usb_task.o" -DXMC4500_F100x1024 -I"D:\Bachelorarbeit\Dave\Basisstation\TDA_XMC4500_PMA_testtrans\Libraries\XMCLib\inc" -I"D:\Bachelorarbeit\Dave\Basisstation\TDA_XMC4500_PMA_testtrans/Libraries/CMSIS/Include" -I"D:\Bachelorarbeit\Dave\Basisstation\TDA_XMC4500_PMA_testtrans/Libraries/CMSIS/Infineon/XMC4500_series/Include" -I"D:\Bachelorarbeit\Dave\Basisstation\TDA_XMC4500_PMA_testtrans" -I"D:\Bachelorarbeit\Dave\Basisstation\TDA_XMC4500_PMA_testtrans\Dave\Generated" -I"D:\Bachelorarbeit\Dave\Basisstation\TDA_XMC4500_PMA_testtrans\Libraries" -Os -ffunction-sections -fdata-sections -Wall -std=gnu99 -mfloat-abi=soft -Wa,-adhlns="Dave/Generated/USBD/usb/core/usb_task.o.lst" -pipe -c -fmessage-length=0 -MMD -MP -MF"Dave/Generated/USBD/usb/core/usb_task.d" -MT"Dave/Generated/USBD/usb/core/usb_task.d Dave/Generated/USBD/usb/core/usb_task.o" -mcpu=cortex-m4 -mfpu=fpv4-sp-d16 -mthumb -o "Dave/Generated/USBD/usb/core/usb_task.o" "../Dave/Generated/USBD/usb/core/usb_task.c"
'Finished building: ../Dave/Generated/USBD/usb/core/usb_task.c'

'Building file: ../Dave/Generated/USBD/usb/core/xmc4000/usbd_endpoint_xmc4000.c'
'Invoking: ARM-GCC C Compiler'
"C:\DAVEv4-64Bit\DAVE-4.2.6\eclipse\ARM-GCC-49/bin/arm-none-eabi-gcc" -MMD -MT "Dave/Generated/USBD/usb/core/xmc4000/usbd_endpoint_xmc4000.o" -DXMC4500_F100x1024 -I"D:\Bachelorarbeit\Dave\Basisstation\TDA_XMC4500_PMA_testtrans\Libraries\XMCLib\inc" -I"D:\Bachelorarbeit\Dave\Basisstation\TDA_XMC4500_PMA_testtrans/Libraries/CMSIS/Include" -I"D:\Bachelorarbeit\Dave\Basisstation\TDA_XMC4500_PMA_testtrans/Libraries/CMSIS/Infineon/XMC4500_series/Include" -I"D:\Bachelorarbeit\Dave\Basisstation\TDA_XMC4500_PMA_testtrans" -I"D:\Bachelorarbeit\Dave\Basisstation\TDA_XMC4500_PMA_testtrans\Dave\Generated" -I"D:\Bachelorarbeit\Dave\Basisstation\TDA_XMC4500_PMA_testtrans\Libraries" -Os -ffunction-sections -fdata-sections -Wall -std=gnu99 -mfloat-abi=soft -Wa,-adhlns="Dave/Generated/USBD/usb/core/xmc4000/usbd_endpoint_xmc4000.o.lst" -pipe -c -fmessage-length=0 -MMD -MP -MF"Dave/Generated/USBD/usb/core/xmc4000/usbd_endpoint_xmc4000.d" -MT"Dave/Generated/USBD/usb/core/xmc4000/usbd_endpoint_xmc4000.d Dave/Generated/USBD/usb/core/xmc4000/usbd_endpoint_xmc4000.o" -mcpu=cortex-m4 -mfpu=fpv4-sp-d16 -mthumb -o "Dave/Generated/USBD/usb/core/xmc4000/usbd_endpoint_xmc4000.o" "../Dave/Generated/USBD/usb/core/xmc4000/usbd_endpoint_xmc4000.c"
'Finished building: ../Dave/Generated/USBD/usb/core/xmc4000/usbd_endpoint_xmc4000.c'

'Building file: ../Dave/Generated/USBD/usb/core/xmc4000/usbd_endpoint_stream_xmc4000.c'
'Invoking: ARM-GCC C Compiler'
"C:\DAVEv4-64Bit\DAVE-4.2.6\eclipse\ARM-GCC-49/bin/arm-none-eabi-gcc" -MMD -MT "Dave/Generated/USBD/usb/core/xmc4000/usbd_endpoint_stream_xmc4000.o" -DXMC4500_F100x1024 -I"D:\Bachelorarbeit\Dave\Basisstation\TDA_XMC4500_PMA_testtrans\Libraries\XMCLib\inc" -I"D:\Bachelorarbeit\Dave\Basisstation\TDA_XMC4500_PMA_testtrans/Libraries/CMSIS/Include" -I"D:\Bachelorarbeit\Dave\Basisstation\TDA_XMC4500_PMA_testtrans/Libraries/CMSIS/Infineon/XMC4500_series/Include" -I"D:\Bachelorarbeit\Dave\Basisstation\TDA_XMC4500_PMA_testtrans" -I"D:\Bachelorarbeit\Dave\Basisstation\TDA_XMC4500_PMA_testtrans\Dave\Generated" -I"D:\Bachelorarbeit\Dave\Basisstation\TDA_XMC4500_PMA_testtrans\Libraries" -Os -ffunction-sections -fdata-sections -Wall -std=gnu99 -mfloat-abi=soft -Wa,-adhlns="Dave/Generated/USBD/usb/core/xmc4000/usbd_endpoint_stream_xmc4000.o.lst" -pipe -c -fmessage-length=0 -MMD -MP -MF"Dave/Generated/USBD/usb/core/xmc4000/usbd_endpoint_stream_xmc4000.d" -MT"Dave/Generated/USBD/usb/core/xmc4000/usbd_endpoint_stream_xmc4000.d Dave/Generated/USBD/usb/core/xmc4000/usbd_endpoint_stream_xmc4000.o" -mcpu=cortex-m4 -mfpu=fpv4-sp-d16 -mthumb -o "Dave/Generated/USBD/usb/core/xmc4000/usbd_endpoint_stream_xmc4000.o" "../Dave/Generated/USBD/usb/core/xmc4000/usbd_endpoint_stream_xmc4000.c"
'Finished building: ../Dave/Generated/USBD/usb/core/xmc4000/usbd_endpoint_stream_xmc4000.c'

'Building file: ../Dave/Generated/USBD/usbd.c'
'Invoking: ARM-GCC C Compiler'
"C:\DAVEv4-64Bit\DAVE-4.2.6\eclipse\ARM-GCC-49/bin/arm-none-eabi-gcc" -MMD -MT "Dave/Generated/USBD/usbd.o" -DXMC4500_F100x1024 -I"D:\Bachelorarbeit\Dave\Basisstation\TDA_XMC4500_PMA_testtrans\Libraries\XMCLib\inc" -I"D:\Bachelorarbeit\Dave\Basisstation\TDA_XMC4500_PMA_testtrans/Libraries/CMSIS/Include" -I"D:\Bachelorarbeit\Dave\Basisstation\TDA_XMC4500_PMA_testtrans/Libraries/CMSIS/Infineon/XMC4500_series/Include" -I"D:\Bachelorarbeit\Dave\Basisstation\TDA_XMC4500_PMA_testtrans" -I"D:\Bachelorarbeit\Dave\Basisstation\TDA_XMC4500_PMA_testtrans\Dave\Generated" -I"D:\Bachelorarbeit\Dave\Basisstation\TDA_XMC4500_PMA_testtrans\Libraries" -Os -ffunction-sections -fdata-sections -Wall -std=gnu99 -mfloat-abi=soft -Wa,-adhlns="Dave/Generated/USBD/usbd.o.lst" -pipe -c -fmessage-length=0 -MMD -MP -MF"Dave/Generated/USBD/usbd.d" -MT"Dave/Generated/USBD/usbd.d Dave/Generated/USBD/usbd.o" -mcpu=cortex-m4 -mfpu=fpv4-sp-d16 -mthumb -o "Dave/Generated/USBD/usbd.o" "../Dave/Generated/USBD/usbd.c"
'Finished building: ../Dave/Generated/USBD/usbd.c'

'Building file: ../Dave/Generated/CPU_CTRL_XMC4/cpu_ctrl_xmc4.c'
'Invoking: ARM-GCC C Compiler'
"C:\DAVEv4-64Bit\DAVE-4.2.6\eclipse\ARM-GCC-49/bin/arm-none-eabi-gcc" -MMD -MT "Dave/Generated/CPU_CTRL_XMC4/cpu_ctrl_xmc4.o" -DXMC4500_F100x1024 -I"D:\Bachelorarbeit\Dave\Basisstation\TDA_XMC4500_PMA_testtrans\Libraries\XMCLib\inc" -I"D:\Bachelorarbeit\Dave\Basisstation\TDA_XMC4500_PMA_testtrans/Libraries/CMSIS/Include" -I"D:\Bachelorarbeit\Dave\Basisstation\TDA_XMC4500_PMA_testtrans/Libraries/CMSIS/Infineon/XMC4500_series/Include" -I"D:\Bachelorarbeit\Dave\Basisstation\TDA_XMC4500_PMA_testtrans" -I"D:\Bachelorarbeit\Dave\Basisstation\TDA_XMC4500_PMA_testtrans\Dave\Generated" -I"D:\Bachelorarbeit\Dave\Basisstation\TDA_XMC4500_PMA_testtrans\Libraries" -Os -ffunction-sections -fdata-sections -Wall -std=gnu99 -mfloat-abi=soft -Wa,-adhlns="Dave/Generated/CPU_CTRL_XMC4/cpu_ctrl_xmc4.o.lst" -pipe -c -fmessage-length=0 -MMD -MP -MF"Dave/Generated/CPU_CTRL_XMC4/cpu_ctrl_xmc4.d" -MT"Dave/Generated/CPU_CTRL_XMC4/cpu_ctrl_xmc4.d Dave/Generated/CPU_CTRL_XMC4/cpu_ctrl_xmc4.o" -mcpu=cortex-m4 -mfpu=fpv4-sp-d16 -mthumb -o "Dave/Generated/CPU_CTRL_XMC4/cpu_ctrl_xmc4.o" "../Dave/Generated/CPU_CTRL_XMC4/cpu_ctrl_xmc4.c"
'Finished building: ../Dave/Generated/CPU_CTRL_XMC4/cpu_ctrl_xmc4.c'

'Building file: ../Dave/Generated/USBD/usbd_conf.c'
'Invoking: ARM-GCC C Compiler'
"C:\DAVEv4-64Bit\DAVE-4.2.6\eclipse\ARM-GCC-49/bin/arm-none-eabi-gcc" -MMD -MT "Dave/Generated/USBD/usbd_conf.o" -DXMC4500_F100x1024 -I"D:\Bachelorarbeit\Dave\Basisstation\TDA_XMC4500_PMA_testtrans\Libraries\XMCLib\inc" -I"D:\Bachelorarbeit\Dave\Basisstation\TDA_XMC4500_PMA_testtrans/Libraries/CMSIS/Include" -I"D:\Bachelorarbeit\Dave\Basisstation\TDA_XMC4500_PMA_testtrans/Libraries/CMSIS/Infineon/XMC4500_series/Include" -I"D:\Bachelorarbeit\Dave\Basisstation\TDA_XMC4500_PMA_testtrans" -I"D:\Bachelorarbeit\Dave\Basisstation\TDA_XMC4500_PMA_testtrans\Dave\Generated" -I"D:\Bachelorarbeit\Dave\Basisstation\TDA_XMC4500_PMA_testtrans\Libraries" -Os -ffunction-sections -fdata-sections -Wall -std=gnu99 -mfloat-abi=soft -Wa,-adhlns="Dave/Generated/USBD/usbd_conf.o.lst" -pipe -c -fmessage-length=0 -MMD -MP -MF"Dave/Generated/USBD/usbd_conf.d" -MT"Dave/Generated/USBD/usbd_conf.d Dave/Generated/USBD/usbd_conf.o" -mcpu=cortex-m4 -mfpu=fpv4-sp-d16 -mthumb -o "Dave/Generated/USBD/usbd_conf.o" "../Dave/Generated/USBD/usbd_conf.c"
'Finished building: ../Dave/Generated/USBD/usbd_conf.c'

'Building file: ../Dave/Generated/CPU_CTRL_XMC4/cpu_ctrl_xmc4_conf.c'
'Invoking: ARM-GCC C Compiler'
"C:\DAVEv4-64Bit\DAVE-4.2.6\eclipse\ARM-GCC-49/bin/arm-none-eabi-gcc" -MMD -MT "Dave/Generated/CPU_CTRL_XMC4/cpu_ctrl_xmc4_conf.o" -DXMC4500_F100x1024 -I"D:\Bachelorarbeit\Dave\Basisstation\TDA_XMC4500_PMA_testtrans\Libraries\XMCLib\inc" -I"D:\Bachelorarbeit\Dave\Basisstation\TDA_XMC4500_PMA_testtrans/Libraries/CMSIS/Include" -I"D:\Bachelorarbeit\Dave\Basisstation\TDA_XMC4500_PMA_testtrans/Libraries/CMSIS/Infineon/XMC4500_series/Include" -I"D:\Bachelorarbeit\Dave\Basisstation\TDA_XMC4500_PMA_testtrans" -I"D:\Bachelorarbeit\Dave\Basisstation\TDA_XMC4500_PMA_testtrans\Dave\Generated" -I"D:\Bachelorarbeit\Dave\Basisstation\TDA_XMC4500_PMA_testtrans\Libraries" -Os -ffunction-sections -fdata-sections -Wall -std=gnu99 -mfloat-abi=soft -Wa,-adhlns="Dave/Generated/CPU_CTRL_XMC4/cpu_ctrl_xmc4_conf.o.lst" -pipe -c -fmessage-length=0 -MMD -MP -MF"Dave/Generated/CPU_CTRL_XMC4/cpu_ctrl_xmc4_conf.d" -MT"Dave/Generated/CPU_CTRL_XMC4/cpu_ctrl_xmc4_conf.d Dave/Generated/CPU_CTRL_XMC4/cpu_ctrl_xmc4_conf.o" -mcpu=cortex-m4 -mfpu=fpv4-sp-d16 -mthumb -o "Dave/Generated/CPU_CTRL_XMC4/cpu_ctrl_xmc4_conf.o" "../Dave/Generated/CPU_CTRL_XMC4/cpu_ctrl_xmc4_conf.c"
'Finished building: ../Dave/Generated/CPU_CTRL_XMC4/cpu_ctrl_xmc4_conf.c'

'Building file: ../Dave/Generated/CLOCK_XMC4/clock_xmc4.c'
'Invoking: ARM-GCC C Compiler'
"C:\DAVEv4-64Bit\DAVE-4.2.6\eclipse\ARM-GCC-49/bin/arm-none-eabi-gcc" -MMD -MT "Dave/Generated/CLOCK_XMC4/clock_xmc4.o" -DXMC4500_F100x1024 -I"D:\Bachelorarbeit\Dave\Basisstation\TDA_XMC4500_PMA_testtrans\Libraries\XMCLib\inc" -I"D:\Bachelorarbeit\Dave\Basisstation\TDA_XMC4500_PMA_testtrans/Libraries/CMSIS/Include" -I"D:\Bachelorarbeit\Dave\Basisstation\TDA_XMC4500_PMA_testtrans/Libraries/CMSIS/Infineon/XMC4500_series/Include" -I"D:\Bachelorarbeit\Dave\Basisstation\TDA_XMC4500_PMA_testtrans" -I"D:\Bachelorarbeit\Dave\Basisstation\TDA_XMC4500_PMA_testtrans\Dave\Generated" -I"D:\Bachelorarbeit\Dave\Basisstation\TDA_XMC4500_PMA_testtrans\Libraries" -Os -ffunction-sections -fdata-sections -Wall -std=gnu99 -mfloat-abi=soft -Wa,-adhlns="Dave/Generated/CLOCK_XMC4/clock_xmc4.o.lst" -pipe -c -fmessage-length=0 -MMD -MP -MF"Dave/Generated/CLOCK_XMC4/clock_xmc4.d" -MT"Dave/Generated/CLOCK_XMC4/clock_xmc4.d Dave/Generated/CLOCK_XMC4/clock_xmc4.o" -mcpu=cortex-m4 -mfpu=fpv4-sp-d16 -mthumb -o "Dave/Generated/CLOCK_XMC4/clock_xmc4.o" "../Dave/Generated/CLOCK_XMC4/clock_xmc4.c"
'Finished building: ../Dave/Generated/CLOCK_XMC4/clock_xmc4.c'

'Building file: ../Dave/Generated/CLOCK_XMC4/clock_xmc4_conf.c'
'Invoking: ARM-GCC C Compiler'
"C:\DAVEv4-64Bit\DAVE-4.2.6\eclipse\ARM-GCC-49/bin/arm-none-eabi-gcc" -MMD -MT "Dave/Generated/CLOCK_XMC4/clock_xmc4_conf.o" -DXMC4500_F100x1024 -I"D:\Bachelorarbeit\Dave\Basisstation\TDA_XMC4500_PMA_testtrans\Libraries\XMCLib\inc" -I"D:\Bachelorarbeit\Dave\Basisstation\TDA_XMC4500_PMA_testtrans/Libraries/CMSIS/Include" -I"D:\Bachelorarbeit\Dave\Basisstation\TDA_XMC4500_PMA_testtrans/Libraries/CMSIS/Infineon/XMC4500_series/Include" -I"D:\Bachelorarbeit\Dave\Basisstation\TDA_XMC4500_PMA_testtrans" -I"D:\Bachelorarbeit\Dave\Basisstation\TDA_XMC4500_PMA_testtrans\Dave\Generated" -I"D:\Bachelorarbeit\Dave\Basisstation\TDA_XMC4500_PMA_testtrans\Libraries" -Os -ffunction-sections -fdata-sections -Wall -std=gnu99 -mfloat-abi=soft -Wa,-adhlns="Dave/Generated/CLOCK_XMC4/clock_xmc4_conf.o.lst" -pipe -c -fmessage-length=0 -MMD -MP -MF"Dave/Generated/CLOCK_XMC4/clock_xmc4_conf.d" -MT"Dave/Generated/CLOCK_XMC4/clock_xmc4_conf.d Dave/Generated/CLOCK_XMC4/clock_xmc4_conf.o" -mcpu=cortex-m4 -mfpu=fpv4-sp-d16 -mthumb -o "Dave/Generated/CLOCK_XMC4/clock_xmc4_conf.o" "../Dave/Generated/CLOCK_XMC4/clock_xmc4_conf.c"
'Finished building: ../Dave/Generated/CLOCK_XMC4/clock_xmc4_conf.c'

'Building file: ../Dave/Generated/DAVE.c'
'Invoking: ARM-GCC C Compiler'
"C:\DAVEv4-64Bit\DAVE-4.2.6\eclipse\ARM-GCC-49/bin/arm-none-eabi-gcc" -MMD -MT "Dave/Generated/DAVE.o" -DXMC4500_F100x1024 -I"D:\Bachelorarbeit\Dave\Basisstation\TDA_XMC4500_PMA_testtrans\Libraries\XMCLib\inc" -I"D:\Bachelorarbeit\Dave\Basisstation\TDA_XMC4500_PMA_testtrans/Libraries/CMSIS/Include" -I"D:\Bachelorarbeit\Dave\Basisstation\TDA_XMC4500_PMA_testtrans/Libraries/CMSIS/Infineon/XMC4500_series/Include" -I"D:\Bachelorarbeit\Dave\Basisstation\TDA_XMC4500_PMA_testtrans" -I"D:\Bachelorarbeit\Dave\Basisstation\TDA_XMC4500_PMA_testtrans\Dave\Generated" -I"D:\Bachelorarbeit\Dave\Basisstation\TDA_XMC4500_PMA_testtrans\Libraries" -Os -ffunction-sections -fdata-sections -Wall -std=gnu99 -mfloat-abi=soft -Wa,-adhlns="Dave/Generated/DAVE.o.lst" -pipe -c -fmessage-length=0 -MMD -MP -MF"Dave/Generated/DAVE.d" -MT"Dave/Generated/DAVE.d Dave/Generated/DAVE.o" -mcpu=cortex-m4 -mfpu=fpv4-sp-d16 -mthumb -o "Dave/Generated/DAVE.o" "../Dave/Generated/DAVE.c"
'Finished building: ../Dave/Generated/DAVE.c'

'Building file: ../crcchk.c'
'Invoking: ARM-GCC C Compiler'
"C:\DAVEv4-64Bit\DAVE-4.2.6\eclipse\ARM-GCC-49/bin/arm-none-eabi-gcc" -MMD -MT "crcchk.o" -DXMC4500_F100x1024 -I"D:\Bachelorarbeit\Dave\Basisstation\TDA_XMC4500_PMA_testtrans\Libraries\XMCLib\inc" -I"D:\Bachelorarbeit\Dave\Basisstation\TDA_XMC4500_PMA_testtrans/Libraries/CMSIS/Include" -I"D:\Bachelorarbeit\Dave\Basisstation\TDA_XMC4500_PMA_testtrans/Libraries/CMSIS/Infineon/XMC4500_series/Include" -I"D:\Bachelorarbeit\Dave\Basisstation\TDA_XMC4500_PMA_testtrans" -I"D:\Bachelorarbeit\Dave\Basisstation\TDA_XMC4500_PMA_testtrans\Dave\Generated" -I"D:\Bachelorarbeit\Dave\Basisstation\TDA_XMC4500_PMA_testtrans\Libraries" -Os -ffunction-sections -fdata-sections -Wall -std=gnu99 -mfloat-abi=soft -Wa,-adhlns="crcchk.o.lst" -pipe -c -fmessage-length=0 -MMD -MP -MF"crcchk.d" -MT"crcchk.d crcchk.o" -mcpu=cortex-m4 -mfpu=fpv4-sp-d16 -mthumb -o "crcchk.o" "../crcchk.c"
'Finished building: ../crcchk.c'

'Building file: ../main.c'
'Invoking: ARM-GCC C Compiler'
"C:\DAVEv4-64Bit\DAVE-4.2.6\eclipse\ARM-GCC-49/bin/arm-none-eabi-gcc" -MMD -MT "main.o" -DXMC4500_F100x1024 -I"D:\Bachelorarbeit\Dave\Basisstation\TDA_XMC4500_PMA_testtrans\Libraries\XMCLib\inc" -I"D:\Bachelorarbeit\Dave\Basisstation\TDA_XMC4500_PMA_testtrans/Libraries/CMSIS/Include" -I"D:\Bachelorarbeit\Dave\Basisstation\TDA_XMC4500_PMA_testtrans/Libraries/CMSIS/Infineon/XMC4500_series/Include" -I"D:\Bachelorarbeit\Dave\Basisstation\TDA_XMC4500_PMA_testtrans" -I"D:\Bachelorarbeit\Dave\Basisstation\TDA_XMC4500_PMA_testtrans\Dave\Generated" -I"D:\Bachelorarbeit\Dave\Basisstation\TDA_XMC4500_PMA_testtrans\Libraries" -Os -ffunction-sections -fdata-sections -Wall -std=gnu99 -mfloat-abi=soft -Wa,-adhlns="main.o.lst" -pipe -c -fmessage-length=0 -MMD -MP -MF"main.d" -MT"main.d main.o" -mcpu=cortex-m4 -mfpu=fpv4-sp-d16 -mthumb -o "main.o" "../main.c"
../main.c: In function 'main':
'Finished building: ../main.c'
../main.c:41:4: warning: variable 'rssi' set but not used [-Wunused-but-set-variable]

  } rssi = { .pmf = 0, .prx = 0, .rx  = 0, .ppl = 0, .agc = 0 };
'Building file: ../num_string_conversion.c'
    ^
'Invoking: ARM-GCC C Compiler'
"C:\DAVEv4-64Bit\DAVE-4.2.6\eclipse\ARM-GCC-49/bin/arm-none-eabi-gcc" -MMD -MT "num_string_conversion.o" -DXMC4500_F100x1024 -I"D:\Bachelorarbeit\Dave\Basisstation\TDA_XMC4500_PMA_testtrans\Libraries\XMCLib\inc" -I"D:\Bachelorarbeit\Dave\Basisstation\TDA_XMC4500_PMA_testtrans/Libraries/CMSIS/Include" -I"D:\Bachelorarbeit\Dave\Basisstation\TDA_XMC4500_PMA_testtrans/Libraries/CMSIS/Infineon/XMC4500_series/Include" -I"D:\Bachelorarbeit\Dave\Basisstation\TDA_XMC4500_PMA_testtrans" -I"D:\Bachelorarbeit\Dave\Basisstation\TDA_XMC4500_PMA_testtrans\Dave\Generated" -I"D:\Bachelorarbeit\Dave\Basisstation\TDA_XMC4500_PMA_testtrans\Libraries" -Os -ffunction-sections -fdata-sections -Wall -std=gnu99 -mfloat-abi=soft -Wa,-adhlns="num_string_conversion.o.lst" -pipe -c -fmessage-length=0 -MMD -MP -MF"num_string_conversion.d" -MT"num_string_conversion.d num_string_conversion.o" -mcpu=cortex-m4 -mfpu=fpv4-sp-d16 -mthumb -o "num_string_conversion.o" "../num_string_conversion.c"
'Finished building: ../num_string_conversion.c'

'Building file: ../relax_kit.c'
'Invoking: ARM-GCC C Compiler'
"C:\DAVEv4-64Bit\DAVE-4.2.6\eclipse\ARM-GCC-49/bin/arm-none-eabi-gcc" -MMD -MT "relax_kit.o" -DXMC4500_F100x1024 -I"D:\Bachelorarbeit\Dave\Basisstation\TDA_XMC4500_PMA_testtrans\Libraries\XMCLib\inc" -I"D:\Bachelorarbeit\Dave\Basisstation\TDA_XMC4500_PMA_testtrans/Libraries/CMSIS/Include" -I"D:\Bachelorarbeit\Dave\Basisstation\TDA_XMC4500_PMA_testtrans/Libraries/CMSIS/Infineon/XMC4500_series/Include" -I"D:\Bachelorarbeit\Dave\Basisstation\TDA_XMC4500_PMA_testtrans" -I"D:\Bachelorarbeit\Dave\Basisstation\TDA_XMC4500_PMA_testtrans\Dave\Generated" -I"D:\Bachelorarbeit\Dave\Basisstation\TDA_XMC4500_PMA_testtrans\Libraries" -Os -ffunction-sections -fdata-sections -Wall -std=gnu99 -mfloat-abi=soft -Wa,-adhlns="relax_kit.o.lst" -pipe -c -fmessage-length=0 -MMD -MP -MF"relax_kit.d" -MT"relax_kit.d relax_kit.o" -mcpu=cortex-m4 -mfpu=fpv4-sp-d16 -mthumb -o "relax_kit.o" "../relax_kit.c"
'Finished building: ../relax_kit.c'

'Building file: ../spi.c'
'Invoking: ARM-GCC C Compiler'
"C:\DAVEv4-64Bit\DAVE-4.2.6\eclipse\ARM-GCC-49/bin/arm-none-eabi-gcc" -MMD -MT "spi.o" -DXMC4500_F100x1024 -I"D:\Bachelorarbeit\Dave\Basisstation\TDA_XMC4500_PMA_testtrans\Libraries\XMCLib\inc" -I"D:\Bachelorarbeit\Dave\Basisstation\TDA_XMC4500_PMA_testtrans/Libraries/CMSIS/Include" -I"D:\Bachelorarbeit\Dave\Basisstation\TDA_XMC4500_PMA_testtrans/Libraries/CMSIS/Infineon/XMC4500_series/Include" -I"D:\Bachelorarbeit\Dave\Basisstation\TDA_XMC4500_PMA_testtrans" -I"D:\Bachelorarbeit\Dave\Basisstation\TDA_XMC4500_PMA_testtrans\Dave\Generated" -I"D:\Bachelorarbeit\Dave\Basisstation\TDA_XMC4500_PMA_testtrans\Libraries" -Os -ffunction-sections -fdata-sections -Wall -std=gnu99 -mfloat-abi=soft -Wa,-adhlns="spi.o.lst" -pipe -c -fmessage-length=0 -MMD -MP -MF"spi.d" -MT"spi.d spi.o" -mcpu=cortex-m4 -mfpu=fpv4-sp-d16 -mthumb -o "spi.o" "../spi.c"
'Finished building: ../spi.c'

'Building file: ../tda5340.c'
'Invoking: ARM-GCC C Compiler'
"C:\DAVEv4-64Bit\DAVE-4.2.6\eclipse\ARM-GCC-49/bin/arm-none-eabi-gcc" -MMD -MT "tda5340.o" -DXMC4500_F100x1024 -I"D:\Bachelorarbeit\Dave\Basisstation\TDA_XMC4500_PMA_testtrans\Libraries\XMCLib\inc" -I"D:\Bachelorarbeit\Dave\Basisstation\TDA_XMC4500_PMA_testtrans/Libraries/CMSIS/Include" -I"D:\Bachelorarbeit\Dave\Basisstation\TDA_XMC4500_PMA_testtrans/Libraries/CMSIS/Infineon/XMC4500_series/Include" -I"D:\Bachelorarbeit\Dave\Basisstation\TDA_XMC4500_PMA_testtrans" -I"D:\Bachelorarbeit\Dave\Basisstation\TDA_XMC4500_PMA_testtrans\Dave\Generated" -I"D:\Bachelorarbeit\Dave\Basisstation\TDA_XMC4500_PMA_testtrans\Libraries" -Os -ffunction-sections -fdata-sections -Wall -std=gnu99 -mfloat-abi=soft -Wa,-adhlns="tda5340.o.lst" -pipe -c -fmessage-length=0 -MMD -MP -MF"tda5340.d" -MT"tda5340.d tda5340.o" -mcpu=cortex-m4 -mfpu=fpv4-sp-d16 -mthumb -o "tda5340.o" "../tda5340.c"
'Finished building: ../tda5340.c'

'Building target: TDA_XMC4500_PMA_testtrans.elf'
'Invoking: ARM-GCC C Linker'
"C:\DAVEv4-64Bit\DAVE-4.2.6\eclipse\ARM-GCC-49/bin/arm-none-eabi-gcc" -T"../linker_script.ld" -nostartfiles -Xlinker --gc-sections -specs=nano.specs -Wl,-Map,TDA_XMC4500_PMA_testtrans.map -mfloat-abi=soft -mcpu=cortex-m4 -mthumb -o "TDA_XMC4500_PMA_testtrans.elf" "@objects.rsp"  -lm
'Finished building target: TDA_XMC4500_PMA_testtrans.elf'

'Invoking: ARM-GCC Create Flash Image'
"C:\DAVEv4-64Bit\DAVE-4.2.6\eclipse\ARM-GCC-49/bin/arm-none-eabi-objcopy" -O ihex "TDA_XMC4500_PMA_testtrans.elf"  "TDA_XMC4500_PMA_testtrans.hex"
'Finished building: TDA_XMC4500_PMA_testtrans.hex'

'Invoking: ARM-GCC Print Size'
"C:\DAVEv4-64Bit\DAVE-4.2.6\eclipse\ARM-GCC-49/bin/arm-none-eabi-size"  --format=berkeley "TDA_XMC4500_PMA_testtrans.elf"
   text	   data	    bss	    dec	    hex	filename
  13940	     92	   7360	  21392	   5390	TDA_XMC4500_PMA_testtrans.elf
'Finished building: TDA_XMC4500_PMA_testtrans.siz'

'Invoking: ARM-GCC Create Listing'
"C:\DAVEv4-64Bit\DAVE-4.2.6\eclipse\ARM-GCC-49/bin/arm-none-eabi-objdump" -h -S "TDA_XMC4500_PMA_testtrans.elf" > "TDA_XMC4500_PMA_testtrans.lst"
'Finished building: TDA_XMC4500_PMA_testtrans.lst'


14:27:22 Build Finished (took 4s.321ms)

