13:37:14 **** Incremental Build of configuration Debug for project Testprojekt ****
"\"C:\\DAVEv4-64Bit\\DAVE-4.2.6\\eclipse\\ARM-GCC-49\\bin\\make\"" --output-sync -j4 all 
'Building file: ../main.c'
'Invoking: ARM-GCC C Compiler'
"C:\DAVEv4-64Bit\DAVE-4.2.6\eclipse\ARM-GCC-49/bin/arm-none-eabi-gcc" -MMD -MT "main.o" -DXMC4500_F100x1024 -I"D:\Bachelorarbeit\Dave\Basisstation\Testprojekt\Libraries\XMCLib\inc" -I"D:\Bachelorarbeit\Dave\Basisstation\Testprojekt/Libraries/CMSIS/Include" -I"D:\Bachelorarbeit\Dave\Basisstation\Testprojekt/Libraries/CMSIS/Infineon/XMC4500_series/Include" -I"D:\Bachelorarbeit\Dave\Basisstation\Testprojekt" -I"D:\Bachelorarbeit\Dave\Basisstation\Testprojekt\Libraries" -I"D:\Bachelorarbeit\Dave\Basisstation\Testprojekt\Dave\Generated" -O0 -ffunction-sections -fdata-sections -Wall -std=gnu99 -mfloat-abi=softfp -Wa,-adhlns="main.o.lst" -pipe -c -fmessage-length=0 -MMD -MP -MF"main.d" -MT"main.d main.o" -mcpu=cortex-m4 -mfpu=fpv4-sp-d16 -mthumb -g -gdwarf-2 -o "main.o" "../main.c"
'Finished building: ../main.c'

'Building target: Testprojekt.elf'
'Invoking: ARM-GCC C Linker'
"C:\DAVEv4-64Bit\DAVE-4.2.6\eclipse\ARM-GCC-49/bin/arm-none-eabi-gcc" -T"../linker_script.ld" -nostartfiles -Xlinker --gc-sections -specs=nano.specs -specs=nosys.specs -Wl,-Map,Testprojekt.map -mfloat-abi=softfp -mfpu=fpv4-sp-d16 -mcpu=cortex-m4 -mthumb -g -gdwarf-2 -o "Testprojekt.elf" "@objects.rsp"  -lm
'Finished building target: Testprojekt.elf'

'Invoking: ARM-GCC Create Flash Image'
"C:\DAVEv4-64Bit\DAVE-4.2.6\eclipse\ARM-GCC-49/bin/arm-none-eabi-objcopy" -O ihex "Testprojekt.elf"  "Testprojekt.hex"
'Finished building: Testprojekt.hex'

'Invoking: ARM-GCC Print Size'
"C:\DAVEv4-64Bit\DAVE-4.2.6\eclipse\ARM-GCC-49/bin/arm-none-eabi-size"  --format=berkeley "Testprojekt.elf"
   text	   data	    bss	    dec	    hex	filename
   2140	      0	   2068	   4208	   1070	Testprojekt.elf
'Finished building: Testprojekt.siz'

'Invoking: ARM-GCC Create Listing'
"C:\DAVEv4-64Bit\DAVE-4.2.6\eclipse\ARM-GCC-49/bin/arm-none-eabi-objdump" -h -S "Testprojekt.elf" > "Testprojekt.lst"
'Finished building: Testprojekt.lst'


13:37:14 Build Finished (took 453ms)

